
[1m[46m RUN [49m[22m [36mv4.0.16 [39m[90mD:/Git/MTGEDH[39m

 [2m[90mΓåô[39m[22m rules-engine/test/oracleIRParser.test.ts[2m > [22mOracle IR Parser[2m > [22mparses ordered draw/then-discard into IR steps
 [2m[90mΓåô[39m[22m rules-engine/test/oracleIRParser.test.ts[2m > [22mOracle IR Parser[2m > [22mparses Myr Battlesphere into tap-count plus conditional buff-and-damage steps
 [2m[90mΓåô[39m[22m rules-engine/test/oracleIRParser.test.ts[2m > [22mOracle IR Parser[2m > [22mparses Disturb keyword lines into graveyard-cast permission plus transformed-entry metadata
 [2m[90mΓåô[39m[22m rules-engine/test/oracleIRParser.test.ts[2m > [22mOracle IR Parser[2m > [22mparses Autumn's Veil into turn-scoped spell protection and creature targeting protection
 [2m[90mΓåô[39m[22m rules-engine/test/oracleIRParser.test.ts[2m > [22mOracle IR Parser[2m > [22mparses Savage Summoning into a next-creature future spell effect bundle
 [2m[90mΓåô[39m[22m rules-engine/test/oracleIRParser.test.ts[2m > [22mOracle IR Parser[2m > [22mupgrades exile-top into impulse for "cards exiled with this creature" permission
 [2m[90mΓåô[39m[22m rules-engine/test/oracleIRParser.test.ts[2m > [22mOracle IR Parser[2m > [22mparses Intrepid Paleontologist into a linked-exile cast-permission step with finality metadata
 [2m[90mΓåô[39m[22m rules-engine/test/oracleIRParser.test.ts[2m > [22mOracle IR Parser[2m > [22mparses Boiling Rock Rioter into the linked-exile attack trigger shape
 [2m[90mΓåô[39m[22m rules-engine/test/oracleIRParser.test.ts[2m > [22mOracle IR Parser[2m > [22mprunes firebending reminder abilities while retaining the keyword
 [2m[90mΓåô[39m[22m rules-engine/test/oracleIRParser.test.ts[2m > [22mOracle IR Parser[2m > [22mprunes nonnumeric firebending reminder abilities while retaining the keyword
 [2m[90mΓåô[39m[22m rules-engine/test/oracleIRParser.test.ts[2m > [22mOracle IR Parser[2m > [22mprunes embedded firebending reminder tail shards from token clauses
 [2m[90mΓåô[39m[22m rules-engine/test/oracleIRParser.test.ts[2m > [22mOracle IR Parser[2m > [22mprunes waterbend reminder shards while retaining the keyword
 [2m[90mΓåô[39m[22m rules-engine/test/oracleIRParser.test.ts[2m > [22mOracle IR Parser[2m > [22mparses earthbend while pruning redundant reminder shards
 [2m[90mΓåô[39m[22m rules-engine/test/oracleIRParser.test.ts[2m > [22mOracle IR Parser[2m > [22mparses airbend while pruning redundant reminder shards
 [2m[90mΓåô[39m[22m rules-engine/test/oracleIRParser.test.ts[2m > [22mOracle IR Parser[2m > [22mparses airbend inside choose-one modes without reminder fragments
 [2m[90mΓåô[39m[22m rules-engine/test/oracleIRParser.test.ts[2m > [22mOracle IR Parser[2m > [22mprunes split Powerstone reminder tails after token creation
 [2m[90mΓåô[39m[22m rules-engine/test/oracleIRParser.test.ts[2m > [22mOracle IR Parser[2m > [22mprunes wither reminder abilities while retaining the keyword
 [2m[90mΓåô[39m[22m rules-engine/test/oracleIRParser.test.ts[2m > [22mOracle IR Parser[2m > [22mprunes station reminder abilities while retaining the keyword
 [2m[90mΓåô[39m[22m rules-engine/test/oracleIRParser.test.ts[2m > [22mOracle IR Parser[2m > [22mprunes saddle reminder abilities while retaining the keyword
 [2m[90mΓåô[39m[22m rules-engine/test/oracleIRParser.test.ts[2m > [22mOracle IR Parser[2m > [22mprunes mixed station sorcery-speed reminder shards from full card text
 [2m[90mΓåô[39m[22m rules-engine/test/oracleIRParser.test.ts[2m > [22mOracle IR Parser[2m > [22mprunes bushido reminder abilities while retaining the keyword
 [2m[90mΓåô[39m[22m rules-engine/test/oracleIRParser.test.ts[2m > [22mOracle IR Parser[2m > [22mparses Emperor of Bones into the linked-exile reanimation shape
 [2m[90mΓåô[39m[22m rules-engine/test/oracleIRParser.test.ts[2m > [22mOracle IR Parser[2m > [22mparses The Spot, Living Portal into the linked-exile death trigger shape
 [2m[90mΓåô[39m[22m rules-engine/test/oracleIRParser.test.ts[2m > [22mOracle IR Parser[2m > [22mparses Ardyn, the Usurper into exile plus conditional copy-token follow-up steps
 [2m[90mΓåô[39m[22m rules-engine/test/oracleIRParser.test.ts[2m > [22mOracle IR Parser[2m > [22mparses Dino DNA token-copy activation into a create_token step linked to exiled cards
 [2m[90mΓåô[39m[22m rules-engine/test/oracleIRParser.test.ts[2m > [22mOracle IR Parser[2m > [22mparses Dimir Doppelganger into exile plus copy-permanent follow-up steps
 [2m[90mΓåô[39m[22m rules-engine/test/oracleIRParser.test.ts[2m > [22mOracle IR Parser[2m > [22mupgrades exile-top into impulse for Hauken's Insight-style 'Once during each of your turns' permission (corpus)
 [2m[90mΓåô[39m[22m rules-engine/test/oracleIRParser.test.ts[2m > [22mOracle IR Parser[2m > [22mparses token creation into IR steps
 [2m[90mΓåô[39m[22m rules-engine/test/oracleIRParser.test.ts[2m > [22mOracle IR Parser[2m > [22msplits sacrifice-leading conjunction clauses so deterministic self-sacrifice can execute
 [2m[90mΓåô[39m[22m rules-engine/test/oracleIRParser.test.ts[2m > [22mOracle IR Parser[2m > [22mparses contextual counter follow-ups after splitting sacrifice conjunctions
 [2m[90mΓåô[39m[22m rules-engine/test/oracleIRParser.test.ts[2m > [22mOracle IR Parser[2m > [22msplits named-self sacrifice conjunctions while preserving then-sequence metadata
 [2m[90mΓåô[39m[22m rules-engine/test/oracleIRParser.test.ts[2m > [22mOracle IR Parser[2m > [22mnormalizes legendary shorthand self-references before sacrifice parsing
 [2m[90mΓåô[39m[22m rules-engine/test/oracleIRParser.test.ts[2m > [22mOracle IR Parser[2m > [22mpreserves condition-gated shorthand legendary self-reference conjunctions as a conditional wrapper
 [2m[90mΓåô[39m[22m rules-engine/test/oracleIRParser.test.ts[2m > [22mOracle IR Parser[2m > [22mparses leading conditional sacrifice conjunctions into wrapped inner steps
 [2m[90mΓåô[39m[22m rules-engine/test/oracleIRParser.test.ts[2m > [22mOracle IR Parser[2m > [22mlowers self-win fragments inside parsed conditionals
 [2m[90mΓåô[39m[22m rules-engine/test/oracleIRParser.test.ts[2m > [22mOracle IR Parser[2m > [22mparses standalone self-loss clauses into lose_game steps
 [2m[90mΓåô[39m[22m rules-engine/test/oracleIRParser.test.ts[2m > [22mOracle IR Parser[2m > [22mparses leading conditional sacrifice wrappers with comma-delimited followups
 [2m[90mΓåô[39m[22m rules-engine/test/oracleIRParser.test.ts[2m > [22mOracle IR Parser[2m > [22mparses conditional sacrifice wrappers that were split by top-level then handling
 [2m[90mΓåô[39m[22m rules-engine/test/oracleIRParser.test.ts[2m > [22mOracle IR Parser[2m > [22msplits named-self sacrifice conjunctions that continue with "it deals"
 [2m[90mΓåô[39m[22m rules-engine/test/oracleIRParser.test.ts[2m > [22mOracle IR Parser[2m > [22msplits explicit self-reference sacrifice conjunctions that continue with "it deals"
 [2m[90mΓåô[39m[22m rules-engine/test/oracleIRParser.test.ts[2m > [22mOracle IR Parser[2m > [22mparses optional tap-or-untap target permanent clauses
 [2m[90mΓåô[39m[22m rules-engine/test/oracleIRParser.test.ts[2m > [22mOracle IR Parser[2m > [22mparses direct tap target clauses as fixed tap actions
 [2m[90mΓåô[39m[22m rules-engine/test/oracleIRParser.test.ts[2m > [22mOracle IR Parser[2m > [22mparses direct untap target clauses as fixed untap actions
 [2m[90mΓåô[39m[22m rules-engine/test/oracleIRParser.test.ts[2m > [22mOracle IR Parser[2m > [22mparses 'it doesn't untap during its controller's next untap step' into skip_next_untap
 [2m[90mΓåô[39m[22m rules-engine/test/oracleIRParser.test.ts[2m > [22mOracle IR Parser[2m > [22mparses 'that creature doesn't untap during its controller's next untap step' into skip_next_untap
 [2m[90mΓåô[39m[22m rules-engine/test/oracleIRParser.test.ts[2m > [22mOracle IR Parser[2m > [22mparses optional not-untap static clauses into optional_untap_choice
 [2m[90mΓåô[39m[22m rules-engine/test/oracleIRParser.test.ts[2m > [22mOracle IR Parser[2m > [22mparses named optional not-untap static clauses into optional_untap_choice
 [2m[90mΓåô[39m[22m rules-engine/test/oracleIRParser.test.ts[2m > [22mOracle IR Parser[2m > [22mparses untap-all clauses as fixed untap actions
 [2m[90mΓåô[39m[22m rules-engine/test/oracleIRParser.test.ts[2m > [22mOracle IR Parser[2m > [22mparses enchanted-creature tap clauses as fixed tap actions
 [2m[90mΓåô[39m[22m rules-engine/test/oracleIRParser.test.ts[2m > [22mOracle IR Parser[2m > [22mparses add one mana of any color into an add_mana choice step
 [2m[90mΓåô[39m[22m rules-engine/test/oracleIRParser.test.ts[2m > [22mOracle IR Parser[2m > [22mparses choose-a-color plus chosen-color mana across the resulting abilities
 [2m[90mΓåô[39m[22m rules-engine/test/oracleIRParser.test.ts[2m > [22mOracle IR Parser[2m > [22mparses add three mana of any one color into a chosen-color add_mana step
 [2m[90mΓåô[39m[22m rules-engine/test/oracleIRParser.test.ts[2m > [22mOracle IR Parser[2m > [22mparses add two mana in any combination of colors into a multi-choice add_mana step
 [2m[90mΓåô[39m[22m rules-engine/test/oracleIRParser.test.ts[2m > [22mOracle IR Parser[2m > [22mlowers short self choose-a-color enters text into a choose_color step
 [2m[90mΓåô[39m[22m rules-engine/test/oracleIRParser.test.ts[2m > [22mOracle IR Parser[2m > [22mexpands chosen-color protection grants into choose_color plus a temporary ability grant
 [2m[90mΓåô[39m[22m rules-engine/test/oracleIRParser.test.ts[2m > [22mOracle IR Parser[2m > [22mparses choose a creature type into a choose_creature_type step
 [2m[90mΓåô[39m[22m rules-engine/test/oracleIRParser.test.ts[2m > [22mOracle IR Parser[2m > [22mprunes Ward-style Aura reminder tails while keeping the protection clause visible
 [2m[90mΓåô[39m[22m rules-engine/test/oracleIRParser.test.ts[2m > [22mOracle IR Parser[2m > [22mlowers self-entry choose-a-creature-type text into a choose_creature_type step
 [2m[90mΓåô[39m[22m rules-engine/test/oracleIRParser.test.ts[2m > [22mOracle IR Parser[2m > [22mparses choose a card name into a choose_card_name step
 [2m[90mΓåô[39m[22m rules-engine/test/oracleIRParser.test.ts[2m > [22mOracle IR Parser[2m > [22mlowers gift promise clauses into an optional choose_opponent step
 [2m[90mΓåô[39m[22m rules-engine/test/oracleIRParser.test.ts[2m > [22mOracle IR Parser[2m > [22mparses choose target opponent into a choose_opponent step
 [2m[90mΓåô[39m[22m rules-engine/test/oracleIRParser.test.ts[2m > [22mOracle IR Parser[2m > [22mlowers hidden agenda name choice and prunes the reveal reminder tail
 [2m[90mΓåô[39m[22m rules-engine/test/oracleIRParser.test.ts[2m > [22mOracle IR Parser[2m > [22mparses choose target creature into a choose_target_creature step
 [2m[90mΓåô[39m[22m rules-engine/test/oracleIRParser.test.ts[2m > [22mOracle IR Parser[2m > [22mparses choose target creature you control into a choose_target_creature step
 [2m[90mΓåô[39m[22m rules-engine/test/oracleIRParser.test.ts[2m > [22mOracle IR Parser[2m > [22mparses Class level bars into gain_class_level steps
 [2m[90mΓåô[39m[22m rules-engine/test/oracleIRParser.test.ts[2m > [22mOracle IR Parser[2m > [22mprunes standalone cast additional-cost text while keeping the spell effect steps
 [2m[90mΓåô[39m[22m rules-engine/test/oracleIRParser.test.ts[2m > [22mOracle IR Parser[2m > [22mparses battlefield tutors that enter tapped and shuffle
 [2m[90mΓåô[39m[22m rules-engine/test/oracleIRParser.test.ts[2m > [22mOracle IR Parser[2m > [22mparses plural battlefield tutors that put two lands onto the battlefield tapped and shuffle
 [2m[90mΓåô[39m[22m rules-engine/test/oracleIRParser.test.ts[2m > [22mOracle IR Parser[2m > [22mparses reveal-shuffle tutors that put the found card on top of the library
 [2m[90mΓåô[39m[22m rules-engine/test/oracleIRParser.test.ts[2m > [22mOracle IR Parser[2m > [22mparses non-reveal shuffle tutors that put the found card on top of the library
 [2m[90mΓåô[39m[22m rules-engine/test/oracleIRParser.test.ts[2m > [22mOracle IR Parser[2m > [22mmerges may-search triggered clauses that shuffle and put the found card on top
 [2m[90mΓåô[39m[22m rules-engine/test/oracleIRParser.test.ts[2m > [22mOracle IR Parser[2m > [22mparses standalone shuffle your library clauses
 [2m[90mΓåô[39m[22m rules-engine/test/oracleIRParser.test.ts[2m > [22mOracle IR Parser[2m > [22mparses self-shuffle into owner library clauses into move_zone steps
 [2m[90mΓåô[39m[22m rules-engine/test/oracleIRParser.test.ts[2m > [22mOracle IR Parser[2m > [22mprunes embedded manifest-dread reminder tails after later follow-up expansion
 [2m[90mΓåô[39m[22m rules-engine/test/oracleIRParser.test.ts[2m > [22mOracle IR Parser[2m > [22mparses multi-token creation in a single clause into multiple steps
 [2m[90mΓåô[39m[22m rules-engine/test/oracleIRParser.test.ts[2m > [22mOracle IR Parser[2m > [22mpreserves who selector for multi-token create clauses
 [2m[90mΓåô[39m[22m rules-engine/test/oracleIRParser.test.ts[2m > [22mOracle IR Parser[2m > [22mnormalizes "each of your opponents" into an each_opponent selector
 [2m[90mΓåô[39m[22m rules-engine/test/oracleIRParser.test.ts[2m > [22mOracle IR Parser[2m > [22mnormalizes "your opponents" into an each_opponent selector
 [2m[90mΓåô[39m[22m rules-engine/test/oracleIRParser.test.ts[2m > [22mOracle IR Parser[2m > [22mparses "each of those opponents" as contextual selector
 [2m[90mΓåô[39m[22m rules-engine/test/oracleIRParser.test.ts[2m > [22mOracle IR Parser[2m > [22mparses "those opponents" as contextual selector alias
 [2m[90mΓåô[39m[22m rules-engine/test/oracleIRParser.test.ts[2m > [22mOracle IR Parser[2m > [22mparses "all of those opponents" as contextual selector alias
 [2m[90mΓåô[39m[22m rules-engine/test/oracleIRParser.test.ts[2m > [22mOracle IR Parser[2m > [22mparses "all those opponents" as contextual selector alias
 [2m[90mΓåô[39m[22m rules-engine/test/oracleIRParser.test.ts[2m > [22mOracle IR Parser[2m > [22mparses "him or her" as target_player for deterministic life loss
 [2m[90mΓåô[39m[22m rules-engine/test/oracleIRParser.test.ts[2m > [22mOracle IR Parser[2m > [22mparses "that creature's owner" as target_player for deterministic draw
 [2m[90mΓåô[39m[22m rules-engine/test/oracleIRParser.test.ts[2m > [22mOracle IR Parser[2m > [22mparses exile_top for each of your opponents' libraries
 [2m[90mΓåô[39m[22m rules-engine/test/oracleIRParser.test.ts[2m > [22mOracle IR Parser[2m > [22mparses exile_top for those opponents' libraries as contextual selector alias
 [2m[90mΓåô[39m[22m rules-engine/test/oracleIRParser.test.ts[2m > [22mOracle IR Parser[2m > [22mparses exile_top for all of those opponents' libraries as contextual selector alias
 [2m[90mΓåô[39m[22m rules-engine/test/oracleIRParser.test.ts[2m > [22mOracle IR Parser[2m > [22mparses exile_top for each opponentΓÇÖs library (curly apostrophe)
 [2m[90mΓåô[39m[22m rules-engine/test/oracleIRParser.test.ts[2m > [22mOracle IR Parser[2m > [22mparses exile_top for each opponent's library (straight apostrophe)
 [2m[90mΓåô[39m[22m rules-engine/test/oracleIRParser.test.ts[2m > [22mOracle IR Parser[2m > [22mparses exile_top for 'put the top card of each opponent's library into exile'
 [2m[90mΓåô[39m[22m rules-engine/test/oracleIRParser.test.ts[2m > [22mOracle IR Parser[2m > [22mparses battlefield attachment metadata for "attached to this creature"
 [2m[90mΓåô[39m[22m rules-engine/test/oracleIRParser.test.ts[2m > [22mOracle IR Parser[2m > [22mparses battlefield attachment metadata for "attached to a creature you control"
 [2m[90mΓåô[39m[22m rules-engine/test/oracleIRParser.test.ts[2m > [22mOracle IR Parser[2m > [22mexpands Necromancy-style return-and-attach wording into move_zone plus attach
 [2m[90mΓåô[39m[22m rules-engine/test/oracleIRParser.test.ts[2m > [22mOracle IR Parser[2m > [22mexpands quoted emblem creation into a create_emblem step
 [2m[90mΓåô[39m[22m rules-engine/test/oracleIRParser.test.ts[2m > [22mOracle IR Parser[2m > [22mmerges Unnatural Restoration's proliferate rider into the same ability
 [2m[90mΓåô[39m[22m rules-engine/test/oracleIRParser.test.ts[2m > [22mOracle IR Parser[2m > [22mmerges Sam's Desperate Rescue's Ring rider into the same ability
 [2m[90mΓåô[39m[22m rules-engine/test/oracleIRParser.test.ts[2m > [22mOracle IR Parser[2m > [22mparses inline proliferate keyword followups like Tezzeret's Gambit
 [2m[90mΓåô[39m[22m rules-engine/test/oracleIRParser.test.ts[2m > [22mOracle IR Parser[2m > [22mexpands executable proliferate twice clauses into two proliferate steps
 [2m[90mΓåô[39m[22m rules-engine/test/oracleIRParser.test.ts[2m > [22mOracle IR Parser[2m > [22mdoes not execute replacement-effect proliferate twice text as immediate proliferate steps
 [2m[90mΓåô[39m[22m rules-engine/test/oracleIRParser.test.ts[2m > [22mOracle IR Parser[2m > [22mparses bare investigate keyword clauses into executable steps
 [2m[90mΓåô[39m[22m rules-engine/test/oracleIRParser.test.ts[2m > [22mOracle IR Parser[2m > [22mmerges investigate followups into the same ability when split across sentences
 [2m[90mΓåô[39m[22m rules-engine/test/oracleIRParser.test.ts[2m > [22mOracle IR Parser[2m > [22mparses bare populate keyword clauses into executable steps
 [2m[90mΓåô[39m[22m rules-engine/test/oracleIRParser.test.ts[2m > [22mOracle IR Parser[2m > [22mparses bare goad keyword clauses into executable steps
 [2m[90mΓåô[39m[22m rules-engine/test/oracleIRParser.test.ts[2m > [22mOracle IR Parser[2m > [22mparses bare suspect keyword clauses into executable steps
 [2m[90mΓåô[39m[22m rules-engine/test/oracleIRParser.test.ts[2m > [22mOracle IR Parser[2m > [22mparses detain target permanent into an executable step
 [2m[90mΓåô[39m[22m rules-engine/test/oracleIRParser.test.ts[2m > [22mOracle IR Parser[2m > [22mparses bare monstrosity keyword clauses into executable steps
 [2m[90mΓåô[39m[22m rules-engine/test/oracleIRParser.test.ts[2m > [22mOracle IR Parser[2m > [22mparses bare endure keyword clauses into a choose-one modal step
 [2m[90mΓåô[39m[22m rules-engine/test/oracleIRParser.test.ts[2m > [22mOracle IR Parser[2m > [22mparses exert attack clauses into executable exert steps
 [2m[90mΓåô[39m[22m rules-engine/test/oracleIRParser.test.ts[2m > [22mOracle IR Parser[2m > [22mparses standalone open an Attraction keyword lines into executable steps
 [2m[90mΓåô[39m[22m rules-engine/test/oracleIRParser.test.ts[2m > [22mOracle IR Parser[2m > [22mparses roll to visit your Attractions keyword lines into executable steps
 [2m[90mΓåô[39m[22m rules-engine/test/oracleIRParser.test.ts[2m > [22mOracle IR Parser[2m > [22mparses take the initiative keyword lines into executable steps
 [2m[90mΓåô[39m[22m rules-engine/test/oracleIRParser.test.ts[2m > [22mOracle IR Parser[2m > [22mparses become the monarch clauses into executable steps
 [2m[90mΓåô[39m[22m rules-engine/test/oracleIRParser.test.ts[2m > [22mOracle IR Parser[2m > [22mparses venture into the dungeon keyword lines into executable steps
 [2m[90mΓåô[39m[22m rules-engine/test/oracleIRParser.test.ts[2m > [22mOracle IR Parser[2m > [22mparses planeswalk clauses into executable steps
 [2m[90mΓåô[39m[22m rules-engine/test/oracleIRParser.test.ts[2m > [22mOracle IR Parser[2m > [22mparses assemble contraption clauses into executable steps
 [2m[90mΓåô[39m[22m rules-engine/test/oracleIRParser.test.ts[2m > [22mOracle IR Parser[2m > [22mparses regenerate clauses into executable steps
 [2m[90mΓåô[39m[22m rules-engine/test/oracleIRParser.test.ts[2m > [22mOracle IR Parser[2m > [22mmerges destroy followups that say the target can't be regenerated
 [2m[90mΓåô[39m[22m rules-engine/test/oracleIRParser.test.ts[2m > [22mOracle IR Parser[2m > [22mparses abandon this scheme clauses into executable steps
 [2m[90mΓåô[39m[22m rules-engine/test/oracleIRParser.test.ts[2m > [22mOracle IR Parser[2m > [22mparses set-that-scheme-in-motion-again clauses into executable steps
 [2m[90mΓåô[39m[22m rules-engine/test/oracleIRParser.test.ts[2m > [22mOracle IR Parser[2m > [22mparses bare incubate keyword clauses into executable steps
 [2m[90mΓåô[39m[22m rules-engine/test/oracleIRParser.test.ts[2m > [22mOracle IR Parser[2m > [22mparses Amass keyword lines into conditional token creation plus counters
 [2m[90mΓåô[39m[22m rules-engine/test/oracleIRParser.test.ts[2m > [22mOracle IR Parser[2m > [22mparses Amass Orcs keyword lines into counters plus subtype addition
 [2m[90mΓåô[39m[22m rules-engine/test/oracleIRParser.test.ts[2m > [22mOracle IR Parser[2m > [22mparses reminder-bearing Amass Orcs lines into counters plus subtype addition
 [2m[90mΓåô[39m[22m rules-engine/test/oracleIRParser.test.ts[2m > [22mOracle IR Parser[2m > [22mlowers triggered amass orcs reminder lines into the canonical amass steps
 [2m[90mΓåô[39m[22m rules-engine/test/oracleIRParser.test.ts[2m > [22mOracle IR Parser[2m > [22mprunes standalone amass subtype reminder shards from variable amass clauses
 [2m[90mΓåô[39m[22m rules-engine/test/oracleIRParser.test.ts[2m > [22mOracle IR Parser[2m > [22mparses Explore keyword lines into an executable explore step
 [2m[90mΓåô[39m[22m rules-engine/test/oracleIRParser.test.ts[2m > [22mOracle IR Parser[2m > [22mparses subject-form explore clauses and prunes the printed reminder text
 [2m[90mΓåô[39m[22m rules-engine/test/oracleIRParser.test.ts[2m > [22mOracle IR Parser[2m > [22mparses repeated explore clauses and prunes the reminder repeat tail
 [2m[90mΓåô[39m[22m rules-engine/test/oracleIRParser.test.ts[2m > [22mOracle IR Parser[2m > [22mparses Manifest keyword lines into a face-down battlefield move
 [2m[90mΓåô[39m[22m rules-engine/test/oracleIRParser.test.ts[2m > [22mOracle IR Parser[2m > [22mparses Manifest keyword lines into a face-down battlefield move from that player's library
 [2m[90mΓåô[39m[22m rules-engine/test/oracleIRParser.test.ts[2m > [22mOracle IR Parser[2m > [22mparses Learn keyword lines into an executable learn step
 [2m[90mΓåô[39m[22m rules-engine/test/oracleIRParser.test.ts[2m > [22mOracle IR Parser[2m > [22mparses villainous choice text into a choose-one modal step
 [2m[90mΓåô[39m[22m rules-engine/test/oracleIRParser.test.ts[2m > [22mOracle IR Parser[2m > [22mparses Manifest dread keyword lines into an executable manifest-dread step
 [2m[90mΓåô[39m[22m rules-engine/test/oracleIRParser.test.ts[2m > [22mOracle IR Parser[2m > [22mparses Cloak-the-top-card keyword lines into an executable face-down move step
 [2m[90mΓåô[39m[22m rules-engine/test/oracleIRParser.test.ts[2m > [22mOracle IR Parser[2m > [22mparses Cloak-the-top-card keyword lines into an executable face-down move step from that player's library
 [2m[90mΓåô[39m[22m rules-engine/test/oracleIRParser.test.ts[2m > [22mOracle IR Parser[2m > [22mprunes manifest reminder-only pseudo-steps from full reminder text
 [2m[90mΓåô[39m[22m rules-engine/test/oracleIRParser.test.ts[2m > [22mOracle IR Parser[2m > [22mprunes short manifest face-up reminder tails when the manifest move is already parsed
 [2m[90mΓåô[39m[22m rules-engine/test/oracleIRParser.test.ts[2m > [22mOracle IR Parser[2m > [22mprunes cloak reminder-only pseudo-steps from full reminder text
 [2m[90mΓåô[39m[22m rules-engine/test/oracleIRParser.test.ts[2m > [22mOracle IR Parser[2m > [22mprunes manifest dread reminder-only pseudo-steps from full reminder text
 [2m[90mΓåô[39m[22m rules-engine/test/oracleIRParser.test.ts[2m > [22mOracle IR Parser[2m > [22mprunes triggered manifest dread reminder tails from inline full reminder text
 [2m[90mΓåô[39m[22m rules-engine/test/oracleIRParser.test.ts[2m > [22mOracle IR Parser[2m > [22mprunes cipher reminder-only abilities while keeping the cipher keyword
 [2m[90mΓåô[39m[22m rules-engine/test/oracleIRParser.test.ts[2m > [22mOracle IR Parser[2m > [22mprunes cleave reminder-only abilities while keeping the cleave keyword
 [2m[90mΓåô[39m[22m rules-engine/test/oracleIRParser.test.ts[2m > [22mOracle IR Parser[2m > [22mparses partner-with reminder text into a non-executable static ability without reminder steps
 [2m[90mΓåô[39m[22m rules-engine/test/oracleIRParser.test.ts[2m > [22mOracle IR Parser[2m > [22mparses top-of-library visibility text into a non-executable static ability without reminder steps
 [2m[90mΓåô[39m[22m rules-engine/test/oracleIRParser.test.ts[2m > [22mOracle IR Parser[2m > [22mprunes split Map-token reminder steps from create-token abilities
 [2m[90mΓåô[39m[22m rules-engine/test/oracleIRParser.test.ts[2m > [22mOracle IR Parser[2m > [22mprunes no-maximum-hand-size static text as externally handled
 [2m[90mΓåô[39m[22m rules-engine/test/oracleIRParser.test.ts[2m > [22mOracle IR Parser[2m > [22mprunes rest-of-game no-maximum-hand-size text as externally handled
 [2m[90mΓåô[39m[22m rules-engine/test/oracleIRParser.test.ts[2m > [22mOracle IR Parser[2m > [22mparses target-player land-play locks into temporary ability grants
 [2m[90mΓåô[39m[22m rules-engine/test/oracleIRParser.test.ts[2m > [22mOracle IR Parser[2m > [22mparses turn-based and filtered spell cost reductions as static grants
 [2m[90mΓåô[39m[22m rules-engine/test/oracleIRParser.test.ts[2m > [22mOracle IR Parser[2m > [22mparses static spell-count and hand-reveal restrictions for players
 [2m[90mΓåô[39m[22m rules-engine/test/oracleIRParser.test.ts[2m > [22mOracle IR Parser[2m > [22mparses static untap locks and off-battlefield flash grants
 [2m[90mΓåô[39m[22m rules-engine/test/oracleIRParser.test.ts[2m > [22mOracle IR Parser[2m > [22mparses token-designation static text without reminder fragments
 [2m[90mΓåô[39m[22m rules-engine/test/oracleIRParser.test.ts[2m > [22mOracle IR Parser[2m > [22mparses chosen-name, chosen-color, and chosen-type static variants
 [2m[90mΓåô[39m[22m rules-engine/test/oracleIRParser.test.ts[2m > [22mOracle IR Parser[2m > [22mparses copy immunity and damage-prevention immunity clauses as static grants
 [2m[90mΓåô[39m[22m rules-engine/test/oracleIRParser.test.ts[2m > [22mOracle IR Parser[2m > [22mparses each-other-player draws and unnamed counter removal
 [2m[90mΓåô[39m[22m rules-engine/test/oracleIRParser.test.ts[2m > [22mOracle IR Parser[2m > [22mparses grouped mana-choice clauses with grouped symbols
 [2m[90mΓåô[39m[22m rules-engine/test/oracleIRParser.test.ts[2m > [22mOracle IR Parser[2m > [22mparses variable mana amounts and chosen-color mana quantities
 [2m[90mΓåô[39m[22m rules-engine/test/oracleIRParser.test.ts[2m > [22mOracle IR Parser[2m > [22mparses modal P/T choices and X-based base P/T setters
 [2m[90mΓåô[39m[22m rules-engine/test/oracleIRParser.test.ts[2m > [22mOracle IR Parser[2m > [22mparses mixed no-max-hand-size and next-turn spell-lock text
 [2m[90mΓåô[39m[22m rules-engine/test/oracleIRParser.test.ts[2m > [22mOracle IR Parser[2m > [22mparses attachment type-lock clauses and power-doubling text
 [2m[90mΓåô[39m[22m rules-engine/test/oracleIRParser.test.ts[2m > [22mOracle IR Parser[2m > [22mprunes additional-land-play static text as externally handled
 [2m[90mΓåô[39m[22m rules-engine/test/oracleIRParser.test.ts[2m > [22mOracle IR Parser[2m > [22mparses global creature stat static text as a static grant
 [2m[90mΓåô[39m[22m rules-engine/test/oracleIRParser.test.ts[2m > [22mOracle IR Parser[2m > [22mparses global creature keyword static text as a static grant
 [2m[90mΓåô[39m[22m rules-engine/test/oracleIRParser.test.ts[2m > [22mOracle IR Parser[2m > [22mparses global color and type-changing static text as static grants
 [2m[90mΓåô[39m[22m rules-engine/test/oracleIRParser.test.ts[2m > [22mOracle IR Parser[2m > [22mparses all-zones keyword-loss static text as a static grant
 [2m[90mΓåô[39m[22m rules-engine/test/oracleIRParser.test.ts[2m > [22mOracle IR Parser[2m > [22mparses all-cards type-addition static text as a static grant
 [2m[90mΓåô[39m[22m rules-engine/test/oracleIRParser.test.ts[2m > [22mOracle IR Parser[2m > [22mparses simple static characteristic clauses as static grants
 [2m[90mΓåô[39m[22m rules-engine/test/oracleIRParser.test.ts[2m > [22mOracle IR Parser[2m > [22mparses global static protection and keyword-loss clauses as static grants
 [2m[90mΓåô[39m[22m rules-engine/test/oracleIRParser.test.ts[2m > [22mOracle IR Parser[2m > [22mparses global creature type-qualified and dynamic pt modifiers
 [2m[90mΓåô[39m[22m rules-engine/test/oracleIRParser.test.ts[2m > [22mOracle IR Parser[2m > [22mparses global as-though-source keyword text as a static grant
 [2m[90mΓåô[39m[22m rules-engine/test/oracleIRParser.test.ts[2m > [22mOracle IR Parser[2m > [22mparses static and temporary all-able blocker wording variants
 [2m[90mΓåô[39m[22m rules-engine/test/oracleIRParser.test.ts[2m > [22mOracle IR Parser[2m > [22mparses pass19 global subtype, color, keyword, and land animation static rows
 [2m[90mΓåô[39m[22m rules-engine/test/oracleIRParser.test.ts[2m > [22mOracle IR Parser[2m > [22mlowers representative pass19 residual choice, phase, cost, and entry rows without unknowns
 [2m[90mΓåô[39m[22m rules-engine/test/oracleIRParser.test.ts[2m > [22mOracle IR Parser[2m > [22mlowers representative pass21 quantity, static, combat, and residual rows without unknowns
 [2m[90mΓåô[39m[22m rules-engine/test/oracleIRParser.test.ts[2m > [22mOracle IR Parser[2m > [22mlowers representative pass22 quoted, change, cast, and choose rows without unknowns
 [2m[90mΓåô[39m[22m rules-engine/test/oracleIRParser.test.ts[2m > [22mOracle IR Parser[2m > [22mlowers representative pass23 type, commander, cloak, and residual rows without unknowns
 [2m[90mΓåô[39m[22m rules-engine/test/oracleIRParser.test.ts[2m > [22mOracle IR Parser[2m > [22mlowers representative pass24 create and creature rows without unknowns
 [2m[90mΓåô[39m[22m rules-engine/test/oracleIRParser.test.ts[2m > [22mOracle IR Parser[2m > [22mlowers representative pass25 creature group rows without unknowns
 [2m[90mΓåô[39m[22m rules-engine/test/oracleIRParser.test.ts[2m > [22mOracle IR Parser[2m > [22mlowers representative pass26 damage and d-prefix rows without unknowns
 [2m[90mΓåô[39m[22m rules-engine/test/oracleIRParser.test.ts[2m > [22mOracle IR Parser[2m > [22mlowers representative pass27 draw and during rows without unknowns
 [2m[90mΓåô[39m[22m rules-engine/test/oracleIRParser.test.ts[2m > [22mOracle IR Parser[2m > [22mlowers representative pass28 each-prefixed rows without unknowns
 [2m[90mΓåô[39m[22m rules-engine/test/oracleIRParser.test.ts[2m > [22mOracle IR Parser[2m > [22mlowers representative pass29 improvise and enchanted rows without unknowns
 [2m[90mΓåô[39m[22m rules-engine/test/oracleIRParser.test.ts[2m > [22mOracle IR Parser[2m > [22mlowers representative pass30 enchanted and equip rows without unknowns
 [2m[90mΓåô[39m[22m rules-engine/test/oracleIRParser.test.ts[2m > [22mOracle IR Parser[2m > [22mlowers representative pass31 equipped and exchange rows without unknowns
 [2m[90mΓåô[39m[22m rules-engine/test/oracleIRParser.test.ts[2m > [22mOracle IR Parser[2m > [22mlowers representative pass32 f-prefix rows without unknowns
 [2m[90mΓåô[39m[22m rules-engine/test/oracleIRParser.test.ts[2m > [22mOracle IR Parser[2m > [22mlowers representative pass33 for-prefixed rows without unknowns
 [2m[90mΓåô[39m[22m rules-engine/test/oracleIRParser.test.ts[2m > [22mOracle IR Parser[2m > [22mlowers representative pass34 broader for and g-prefix rows without unknowns
 [2m[90mΓåô[39m[22m rules-engine/test/oracleIRParser.test.ts[2m > [22mOracle IR Parser[2m > [22mlowers representative pass35 half and h/i-prefix rows without unknowns
 [2m[90mΓåô[39m[22m rules-engine/test/oracleIRParser.test.ts[2m > [22mOracle IR Parser[2m > [22mlowers representative pass36 if-family rows without unknowns
 [2m[90mΓåô[39m[22m rules-engine/test/oracleIRParser.test.ts[2m > [22mOracle IR Parser[2m > [22mlowers representative pass37 keyword and i-prefix rows without unknowns
 [2m[90mΓåô[39m[22m rules-engine/test/oracleIRParser.test.ts[2m > [22mOracle IR Parser[2m > [22mlowers representative pass38 it/its residual rows without unknowns
 [2m[90mΓåô[39m[22m rules-engine/test/oracleIRParser.test.ts[2m > [22mOracle IR Parser[2m > [22mlowers representative pass39 j/k/l/m/n/o rows without unknowns
 [2m[90mΓåô[39m[22m rules-engine/test/oracleIRParser.test.ts[2m > [22mOracle IR Parser[2m > [22mlowers representative pass40 p/r rows without unknowns
 [2m[90mΓåô[39m[22m rules-engine/test/oracleIRParser.test.ts[2m > [22mOracle IR Parser[2m > [22mlowers representative pass41 search and s/t rows without unknowns
 [2m[90mΓåô[39m[22m rules-engine/test/oracleIRParser.test.ts[2m > [22mOracle IR Parser[2m > [22mparses pass41 search, tap, and switch rows into typed steps where available
 [2m[90mΓåô[39m[22m rules-engine/test/oracleIRParser.test.ts[2m > [22mOracle IR Parser[2m > [22mlowers representative pass42 target bands without unknowns
 [2m[90mΓåô[39m[22m rules-engine/test/oracleIRParser.test.ts[2m > [22mOracle IR Parser[2m > [22mparses pass42 target rows into typed steps where available
 [2m[90mΓåô[39m[22m rules-engine/test/oracleIRParser.test.ts[2m > [22mOracle IR Parser[2m > [22mlowers representative pass43 top rows without unknowns
 [2m[90mΓåô[39m[22m rules-engine/test/oracleIRParser.test.ts[2m > [22mOracle IR Parser[2m > [22mparses pass43 top rows into typed steps where available
 [32mΓ£ô[39m rules-engine/test/oracleIRParser.test.ts[2m > [22mOracle IR Parser[2m > [22mlowers representative pass44 contextual rows without unknowns[32m 272[2mms[22m[39m
 [32mΓ£ô[39m rules-engine/test/oracleIRParser.test.ts[2m > [22mOracle IR Parser[2m > [22mparses pass44 contextual rows into typed steps where available[32m 7[2mms[22m[39m
 [2m[90mΓåô[39m[22m rules-engine/test/oracleIRParser.test.ts[2m > [22mOracle IR Parser[2m > [22mlowers temporary damage redirection templates into typed metadata
 [2m[90mΓåô[39m[22m rules-engine/test/oracleIRParser.test.ts[2m > [22mOracle IR Parser[2m > [22mretains aggressive as a keyword and lowers after-draft and after-die-roll text to metadata
 [2m[90mΓåô[39m[22m rules-engine/test/oracleIRParser.test.ts[2m > [22mOracle IR Parser[2m > [22mparses lose-all-abilities base pt text that uses become wording
 [2m[90mΓåô[39m[22m rules-engine/test/oracleIRParser.test.ts[2m > [22mOracle IR Parser[2m > [22mkeeps opening-hand setup pruned while parsing hexproof static text
 [2m[90mΓåô[39m[22m rules-engine/test/oracleIRParser.test.ts[2m > [22mOracle IR Parser[2m > [22mprunes extort reminder abilities while retaining the keyword
 [2m[90mΓåô[39m[22m rules-engine/test/oracleIRParser.test.ts[2m > [22mOracle IR Parser[2m > [22mprunes squad reminder abilities while retaining the keyword
 [2m[90mΓåô[39m[22m rules-engine/test/oracleIRParser.test.ts[2m > [22mOracle IR Parser[2m > [22mprunes umbra armor reminder abilities while retaining the keyword
 [2m[90mΓåô[39m[22m rules-engine/test/oracleIRParser.test.ts[2m > [22mOracle IR Parser[2m > [22mprunes unleash reminder abilities while retaining the keyword
 [2m[90mΓåô[39m[22m rules-engine/test/oracleIRParser.test.ts[2m > [22mOracle IR Parser[2m > [22mprunes riot reminder abilities while retaining the keyword
 [2m[90mΓåô[39m[22m rules-engine/test/oracleIRParser.test.ts[2m > [22mOracle IR Parser[2m > [22mprunes ravenous reminder abilities while retaining the keyword
 [2m[90mΓåô[39m[22m rules-engine/test/oracleIRParser.test.ts[2m > [22mOracle IR Parser[2m > [22mprunes bloodthirst reminder abilities while retaining the keyword
 [2m[90mΓåô[39m[22m rules-engine/test/oracleIRParser.test.ts[2m > [22mOracle IR Parser[2m > [22mprunes graft reminder abilities while retaining the keyword
 [2m[90mΓåô[39m[22m rules-engine/test/oracleIRParser.test.ts[2m > [22mOracle IR Parser[2m > [22mprunes conspire reminder abilities while retaining the keyword
 [2m[90mΓåô[39m[22m rules-engine/test/oracleIRParser.test.ts[2m > [22mOracle IR Parser[2m > [22mprunes enlist reminder abilities while retaining the keyword
 [2m[90mΓåô[39m[22m rules-engine/test/oracleIRParser.test.ts[2m > [22mOracle IR Parser[2m > [22mprunes standalone phasing reminder abilities while retaining the keyword
 [2m[90mΓåô[39m[22m rules-engine/test/oracleIRParser.test.ts[2m > [22mOracle IR Parser[2m > [22mprunes phasing reminder tails while keeping the phase-out clause
 [2m[90mΓåô[39m[22m rules-engine/test/oracleIRParser.test.ts[2m > [22mOracle IR Parser[2m > [22mprunes hideaway reminder abilities while retaining the keyword
 [2m[90mΓåô[39m[22m rules-engine/test/oracleIRParser.test.ts[2m > [22mOracle IR Parser[2m > [22mprunes Junk-token reminder permission tails after token creation
 [2m[90mΓåô[39m[22m rules-engine/test/oracleIRParser.test.ts[2m > [22mOracle IR Parser[2m > [22mparses start-your-engines reminder text into a non-executable static ability without reminder steps
 [2m[90mΓåô[39m[22m rules-engine/test/oracleIRParser.test.ts[2m > [22mOracle IR Parser[2m > [22mparses max-speed lines into non-executable static abilities without reminder steps
 [2m[90mΓåô[39m[22m rules-engine/test/oracleIRParser.test.ts[2m > [22mOracle IR Parser[2m > [22mparses Forage keyword lines into a choose-mode step
 [2m[90mΓåô[39m[22m rules-engine/test/oracleIRParser.test.ts[2m > [22mOracle IR Parser[2m > [22mparses clash follow-up text into clash plus if-you-win conditional steps
 [2m[90mΓåô[39m[22m rules-engine/test/oracleIRParser.test.ts[2m > [22mOracle IR Parser[2m > [22mparses Connive keyword lines into draw-discard-plus-counter steps
 [2m[90mΓåô[39m[22m rules-engine/test/oracleIRParser.test.ts[2m > [22mOracle IR Parser[2m > [22mparses subject-form connive clauses into connive steps
 [2m[90mΓåô[39m[22m rules-engine/test/oracleIRParser.test.ts[2m > [22mOracle IR Parser[2m > [22mparses reference-amount add-counter clauses into add_counter steps
 [2m[90mΓåô[39m[22m rules-engine/test/oracleIRParser.test.ts[2m > [22mOracle IR Parser[2m > [22mparses Discover keyword lines into impulse exile plus free-cast permission
 [2m[90mΓåô[39m[22m rules-engine/test/oracleIRParser.test.ts[2m > [22mOracle IR Parser[2m > [22mparses triggered Discover text into the same lowered discover steps
 [2m[90mΓåô[39m[22m rules-engine/test/oracleIRParser.test.ts[2m > [22mOracle IR Parser[2m > [22mparses full Discover reminder lines into the same lowered discover steps
 [2m[90mΓåô[39m[22m rules-engine/test/oracleIRParser.test.ts[2m > [22mOracle IR Parser[2m > [22mprunes discover reminder tails from lowered discover abilities
 [2m[90mΓåô[39m[22m rules-engine/test/oracleIRParser.test.ts[2m > [22mOracle IR Parser[2m > [22mlowers dynamic discover leads while pruning reminder tails
 [2m[90mΓåô[39m[22m rules-engine/test/oracleIRParser.test.ts[2m > [22mOracle IR Parser[2m > [22mparses standalone triggered d20 rolls into roll_die steps
 [2m[90mΓåô[39m[22m rules-engine/test/oracleIRParser.test.ts[2m > [22mOracle IR Parser[2m > [22mparses counter-doubling text into a double_counters step
 [2m[90mΓåô[39m[22m rules-engine/test/oracleIRParser.test.ts[2m > [22mOracle IR Parser[2m > [22mparses specific-counter doubling text into a constrained double_counters step
 [2m[90mΓåô[39m[22m rules-engine/test/oracleIRParser.test.ts[2m > [22mOracle IR Parser[2m > [22mparses Support keyword lines into add_counter steps for other target creatures
 [2m[90mΓåô[39m[22m rules-engine/test/oracleIRParser.test.ts[2m > [22mOracle IR Parser[2m > [22mparses triggered support clauses into add_counter steps instead of leaving support as unknown
 [2m[90mΓåô[39m[22m rules-engine/test/oracleIRParser.test.ts[2m > [22mOracle IR Parser[2m > [22mparses support clauses when they lead a longer spell ability
 [2m[90mΓåô[39m[22m rules-engine/test/oracleIRParser.test.ts[2m > [22mOracle IR Parser[2m > [22mparses Bolster keyword lines into add_counter steps for the least-toughness creature you control
 [2m[90mΓåô[39m[22m rules-engine/test/oracleIRParser.test.ts[2m > [22mOracle IR Parser[2m > [22mparses Proliferate keyword lines into proliferate steps
 [2m[90mΓåô[39m[22m rules-engine/test/oracleIRParser.test.ts[2m > [22mOracle IR Parser[2m > [22mparses during-your-turn self keyword text into a turn-gated grant wrapper
 [2m[90mΓåô[39m[22m rules-engine/test/oracleIRParser.test.ts[2m > [22mOracle IR Parser[2m > [22mparses during-your-turn plural keyword grants into a turn-gated grant wrapper
 [2m[90mΓåô[39m[22m rules-engine/test/oracleIRParser.test.ts[2m > [22mOracle IR Parser[2m > [22mprunes reveal-land ETB choice text because land-entry handling already owns it
 [2m[90mΓåô[39m[22m rules-engine/test/oracleIRParser.test.ts[2m > [22mOracle IR Parser[2m > [22mprunes reveal-land ETB choice text for pronoun enters-tapped variants too
 [2m[90mΓåô[39m[22m rules-engine/test/oracleIRParser.test.ts[2m > [22mOracle IR Parser[2m > [22mprunes pay-life land ETB choice text for pronoun enters-tapped variants too
 [2m[90mΓåô[39m[22m rules-engine/test/oracleIRParser.test.ts[2m > [22mOracle IR Parser[2m > [22mparses Investigate keyword lines into investigate steps
 [2m[90mΓåô[39m[22m rules-engine/test/oracleIRParser.test.ts[2m > [22mOracle IR Parser[2m > [22mparses Populate keyword lines into populate steps
 [2m[90mΓåô[39m[22m rules-engine/test/oracleIRParser.test.ts[2m > [22mOracle IR Parser[2m > [22mparses Scry keyword lines into scry steps
 [2m[90mΓåô[39m[22m rules-engine/test/oracleIRParser.test.ts[2m > [22mOracle IR Parser[2m > [22mparses Surveil keyword lines into surveil steps
 [2m[90mΓåô[39m[22m rules-engine/test/oracleIRParser.test.ts[2m > [22mOracle IR Parser[2m > [22mparses Fateseal keyword lines into fateseal steps
 [2m[90mΓåô[39m[22m rules-engine/test/oracleIRParser.test.ts[2m > [22mOracle IR Parser[2m > [22mparses Time travel keyword lines into time-travel steps
 [2m[90mΓåô[39m[22m rules-engine/test/oracleIRParser.test.ts[2m > [22mOracle IR Parser[2m > [22mparses repeated Time travel keyword lines into time-travel steps
 [2m[90mΓåô[39m[22m rules-engine/test/oracleIRParser.test.ts[2m > [22mOracle IR Parser[2m > [22mparses suspend upkeep counter removal into a structured remove-counter step
 [2m[90mΓåô[39m[22m rules-engine/test/oracleIRParser.test.ts[2m > [22mOracle IR Parser[2m > [22mparses Collect evidence keyword lines into collect-evidence steps
 [2m[90mΓåô[39m[22m rules-engine/test/oracleIRParser.test.ts[2m > [22mOracle IR Parser[2m > [22mparses collect evidence follow-up conditionals into a collect step and wrapper
 [2m[90mΓåô[39m[22m rules-engine/test/oracleIRParser.test.ts[2m > [22mOracle IR Parser[2m > [22mparses Mill keyword lines into mill steps
 [2m[90mΓåô[39m[22m rules-engine/test/oracleIRParser.test.ts[2m > [22mOracle IR Parser[2m > [22mparses The Ring tempts you keyword lines into ring_tempts_you steps
 [2m[90mΓåô[39m[22m rules-engine/test/oracleIRParser.test.ts[2m > [22mOracle IR Parser[2m > [22mexpands simple conditional token followups like Fungal Rebirth
 [2m[90mΓåô[39m[22m rules-engine/test/oracleIRParser.test.ts[2m > [22mOracle IR Parser[2m > [22mexpands simple "If you do" followups after discard like Toph, Hardheaded Teacher
 [2m[90mΓåô[39m[22m rules-engine/test/oracleIRParser.test.ts[2m > [22mOracle IR Parser[2m > [22mparses saga chapter move-zone clauses after stripping roman numeral prefixes
 [2m[90mΓåô[39m[22m rules-engine/test/oracleIRParser.test.ts[2m > [22mOracle IR Parser[2m > [22mparses saga chapter land recursion clauses after stripping roman numeral prefixes
 [2m[90mΓåô[39m[22m rules-engine/test/oracleIRParser.test.ts[2m > [22mOracle IR Parser[2m > [22mparses exile_top for 'each player puts the top two cards of their library into exile'
 [2m[90mΓåô[39m[22m rules-engine/test/oracleIRParser.test.ts[2m > [22mOracle IR Parser[2m > [22mparses exile_top for 'defending player exiles the top card of their library'
 [2m[90mΓåô[39m[22m rules-engine/test/oracleIRParser.test.ts[2m > [22mOracle IR Parser[2m > [22mupgrades exile_top into impulse for 'that player's library'
 [2m[90mΓåô[39m[22m rules-engine/test/oracleIRParser.test.ts[2m > [22mOracle IR Parser[2m > [22mparses each-player impulse with players-may permission rider (corpus)
 [2m[90mΓåô[39m[22m rules-engine/test/oracleIRParser.test.ts[2m > [22mOracle IR Parser[2m > [22mupgrades exile-top into impulse for 'Until your next turn, you may play those cards' (corpus: Three Wishes)
 [2m[90mΓåô[39m[22m rules-engine/test/oracleIRParser.test.ts[2m > [22mOracle IR Parser[2m > [22mupgrades exile_top into impulse when 'Choose one' intervenes (corpus)
 [2m[90mΓåô[39m[22m rules-engine/test/oracleIRParser.test.ts[2m > [22mOracle IR Parser[2m > [22mparses Ragavan-style 'create a Treasure token and exile the top card' into create_token + impulse
 [2m[90mΓåô[39m[22m rules-engine/test/oracleIRParser.test.ts[2m > [22mOracle IR Parser[2m > [22mparses comma-separated multi-token creation lists
 [2m[90mΓåô[39m[22m rules-engine/test/oracleIRParser.test.ts[2m > [22mOracle IR Parser[2m > [22mpreserves who selector for comma-separated multi-token create clauses
 [2m[90mΓåô[39m[22m rules-engine/test/oracleIRParser.test.ts[2m > [22mOracle IR Parser[2m > [22mparses create-token enters-tapped modifier
 [2m[90mΓåô[39m[22m rules-engine/test/oracleIRParser.test.ts[2m > [22mOracle IR Parser[2m > [22mparses create-token enters-tapped when "tapped" appears after token
 [2m[90mΓåô[39m[22m rules-engine/test/oracleIRParser.test.ts[2m > [22mOracle IR Parser[2m > [22mparses for-each token creation as a dynamic create-token amount
 [2m[90mΓåô[39m[22m rules-engine/test/oracleIRParser.test.ts[2m > [22mOracle IR Parser[2m > [22mparses twice-X token creation without absorbing X into the token descriptor
 [2m[90mΓåô[39m[22m rules-engine/test/oracleIRParser.test.ts[2m > [22mOracle IR Parser[2m > [22mparses equal-to token creation as a dynamic amount
 [2m[90mΓåô[39m[22m rules-engine/test/oracleIRParser.test.ts[2m > [22mOracle IR Parser[2m > [22mmarks ordinary tapped-and-attacking token creation for combat placement
 [2m[90mΓåô[39m[22m rules-engine/test/oracleIRParser.test.ts[2m > [22mOracle IR Parser[2m > [22mparses per-segment enters-tapped in multi-token clauses
 [2m[90mΓåô[39m[22m rules-engine/test/oracleIRParser.test.ts[2m > [22mOracle IR Parser[2m > [22mparses create-token with-counters modifier
 [2m[90mΓåô[39m[22m rules-engine/test/oracleIRParser.test.ts[2m > [22mOracle IR Parser[2m > [22mparses create-token with "an additional" counter wording
 [2m[90mΓåô[39m[22m rules-engine/test/oracleIRParser.test.ts[2m > [22mOracle IR Parser[2m > [22mapplies follow-up "enters tapped" clauses to the previous create-token step
 [2m[90mΓåô[39m[22m rules-engine/test/oracleIRParser.test.ts[2m > [22mOracle IR Parser[2m > [22mapplies follow-up "those tokens enter tapped" to multi-token creation
 [2m[90mΓåô[39m[22m rules-engine/test/oracleIRParser.test.ts[2m > [22mOracle IR Parser[2m > [22mapplies follow-up "they enter tapped" (Bloomburrow-style) to the previous create-token step(s)
 [2m[90mΓåô[39m[22m rules-engine/test/oracleIRParser.test.ts[2m > [22mOracle IR Parser[2m > [22mapplies follow-up "they enter tapped" to multi-token creation
 [2m[90mΓåô[39m[22m rules-engine/test/oracleIRParser.test.ts[2m > [22mOracle IR Parser[2m > [22mapplies follow-up plural "they enter with counters" wording
 [2m[90mΓåô[39m[22m rules-engine/test/oracleIRParser.test.ts[2m > [22mOracle IR Parser[2m > [22msupports combined plural follow-up modifiers (tapped and with counters)
 [2m[90mΓåô[39m[22m rules-engine/test/oracleIRParser.test.ts[2m > [22mOracle IR Parser[2m > [22msupports semicolon + lowercase follow-up wording (they enter tapped)
 [2m[90mΓåô[39m[22m rules-engine/test/oracleIRParser.test.ts[2m > [22mOracle IR Parser[2m > [22msupports plural follow-up with singular counter wording (a shield counter)
 [2m[90mΓåô[39m[22m rules-engine/test/oracleIRParser.test.ts[2m > [22mOracle IR Parser[2m > [22mapplies follow-up "enters with counters" clauses to the previous create-token step
 [2m[90mΓåô[39m[22m rules-engine/test/oracleIRParser.test.ts[2m > [22mOracle IR Parser[2m > [22mapplies follow-up "enters with an additional" counter wording
 [2m[90mΓåô[39m[22m rules-engine/test/oracleIRParser.test.ts[2m > [22mOracle IR Parser[2m > [22msupports follow-up "enter the battlefield" phrasing for tapped + counters
 [2m[90mΓåô[39m[22m rules-engine/test/oracleIRParser.test.ts[2m > [22mOracle IR Parser[2m > [22msupports follow-up counters then tapped order
 [2m[90mΓåô[39m[22m rules-engine/test/oracleIRParser.test.ts[2m > [22mOracle IR Parser[2m > [22mparses standalone delayed next-end-step sacrifice cleanup
 [2m[90mΓåô[39m[22m rules-engine/test/oracleIRParser.test.ts[2m > [22mOracle IR Parser[2m > [22mparses trailing delayed next-end-step sacrifice cleanup
 [2m[90mΓåô[39m[22m rules-engine/test/oracleIRParser.test.ts[2m > [22mOracle IR Parser[2m > [22mparses trailing delayed your-next-end-step sacrifice cleanup
 [2m[90mΓåô[39m[22m rules-engine/test/oracleIRParser.test.ts[2m > [22mOracle IR Parser[2m > [22mparses standalone delayed end-of-combat exile cleanup
 [2m[90mΓåô[39m[22m rules-engine/test/oracleIRParser.test.ts[2m > [22mOracle IR Parser[2m > [22mparses trailing delayed next-cleanup-step sacrifice cleanup
 [2m[90mΓåô[39m[22m rules-engine/test/oracleIRParser.test.ts[2m > [22mOracle IR Parser[2m > [22mparses trailing delayed your-next-upkeep sacrifice cleanup for contextual tokens
 [2m[90mΓåô[39m[22m rules-engine/test/oracleIRParser.test.ts[2m > [22mOracle IR Parser[2m > [22mparses trailing delayed next-upkeep return triggers as scheduled deterministic effects
 [2m[90mΓåô[39m[22m rules-engine/test/oracleIRParser.test.ts[2m > [22mOracle IR Parser[2m > [22mparses trailing delayed next-end-step hand return triggers as scheduled deterministic effects
 [2m[90mΓåô[39m[22m rules-engine/test/oracleIRParser.test.ts[2m > [22mOracle IR Parser[2m > [22mparses trailing delayed sacrifice cleanup with a mana value condition
 [2m[90mΓåô[39m[22m rules-engine/test/oracleIRParser.test.ts[2m > [22mOracle IR Parser[2m > [22mparses immediate sacrifice with a zero-counter condition
 [2m[90mΓåô[39m[22m rules-engine/test/oracleIRParser.test.ts[2m > [22mOracle IR Parser[2m > [22mparses immediate sacrifice with a counter-threshold condition
 [2m[90mΓåô[39m[22m rules-engine/test/oracleIRParser.test.ts[2m > [22mOracle IR Parser[2m > [22mparses trailing leave-the-battlefield delayed sacrifice cleanup
 [2m[90mΓåô[39m[22m rules-engine/test/oracleIRParser.test.ts[2m > [22mOracle IR Parser[2m > [22mparses trailing lose-control delayed sacrifice cleanup for itself
 [2m[90mΓåô[39m[22m rules-engine/test/oracleIRParser.test.ts[2m > [22mOracle IR Parser[2m > [22mparses trailing lose-control delayed sacrifice cleanup for a bound creature
 [2m[90mΓåô[39m[22m rules-engine/test/oracleIRParser.test.ts[2m > [22mOracle IR Parser[2m > [22mparses exile and return/move zone clauses
 [2m[90mΓåô[39m[22m rules-engine/test/oracleIRParser.test.ts[2m > [22mOracle IR Parser[2m > [22mparses Headstone as exile plus a delayed next-upkeep draw trigger
 [2m[90mΓåô[39m[22m rules-engine/test/oracleIRParser.test.ts[2m > [22mOracle IR Parser[2m > [22mparses battlefield move-zone counters for corpus reanimation wording
 [2m[90mΓåô[39m[22m rules-engine/test/oracleIRParser.test.ts[2m > [22mOracle IR Parser[2m > [22mmerges Spell mastery reanimation counter riders onto the prior battlefield move-zone step
 [2m[90mΓåô[39m[22m rules-engine/test/oracleIRParser.test.ts[2m > [22mOracle IR Parser[2m > [22mmerges Valkyrie's Call return-time type rewrite onto the battlefield move-zone step
 [2m[90mΓåô[39m[22m rules-engine/test/oracleIRParser.test.ts[2m > [22mOracle IR Parser[2m > [22mmerges Bronzehide Lion return-time Aura rewrite onto the battlefield move-zone step
 [2m[90mΓåô[39m[22m rules-engine/test/oracleIRParser.test.ts[2m > [22mOracle IR Parser[2m > [22mmerges delayed return characteristic rewrites into the delayed effect text
 [2m[90mΓåô[39m[22m rules-engine/test/oracleIRParser.test.ts[2m > [22mOracle IR Parser[2m > [22mparses Sequence Engine as exile plus moved-card X token creation and plural counter follow-up
 [2m[90mΓåô[39m[22m rules-engine/test/oracleIRParser.test.ts[2m > [22mOracle IR Parser[2m > [22mparses Abyssal Harvester with the graveyard this-turn qualifier intact
 [2m[90mΓåô[39m[22m rules-engine/test/oracleIRParser.test.ts[2m > [22mOracle IR Parser[2m > [22mparses Urborg Scavengers as trigger exile plus counter with linked-exile static follow-ups
 [2m[90mΓåô[39m[22m rules-engine/test/oracleIRParser.test.ts[2m > [22mOracle IR Parser[2m > [22mmerges Lim-Dul the Necromancer's conditional Zombie rewrite onto the returned creature
 [2m[90mΓåô[39m[22m rules-engine/test/oracleIRParser.test.ts[2m > [22mOracle IR Parser[2m > [22mparses mill clauses into IR steps
 [2m[90mΓåô[39m[22m rules-engine/test/oracleIRParser.test.ts[2m > [22mOracle IR Parser[2m > [22mparses Trepanation Blade reveal-until-land clause into mill unknown amount
 [2m[90mΓåô[39m[22m rules-engine/test/oracleIRParser.test.ts[2m > [22mOracle IR Parser[2m > [22mparses Giant Growth style target creature gets +3/+3 until end of turn into composable modify_pt
 [2m[90mΓåô[39m[22m rules-engine/test/oracleIRParser.test.ts[2m > [22mOracle IR Parser[2m > [22mparses controller-qualified target creature text for composable modify_pt
 [2m[90mΓåô[39m[22m rules-engine/test/oracleIRParser.test.ts[2m > [22mOracle IR Parser[2m > [22mparses opponent-qualified target creature text for composable modify_pt
 [2m[90mΓåô[39m[22m rules-engine/test/oracleIRParser.test.ts[2m > [22mOracle IR Parser[2m > [22mparses singular-opponent target creature text for composable modify_pt
 [2m[90mΓåô[39m[22m rules-engine/test/oracleIRParser.test.ts[2m > [22mOracle IR Parser[2m > [22mparses unsupported for-each tails into unknown modify_pt scaler for future automation
 [2m[90mΓåô[39m[22m rules-engine/test/oracleIRParser.test.ts[2m > [22mOracle IR Parser[2m > [22mparses leading if clause into a conditional modify_pt wrapper
 [2m[90mΓåô[39m[22m rules-engine/test/oracleIRParser.test.ts[2m > [22mOracle IR Parser[2m > [22mparses trailing as long as clause into modify_pt condition metadata
 [2m[90mΓåô[39m[22m rules-engine/test/oracleIRParser.test.ts[2m > [22mOracle IR Parser[2m > [22mparses trailing where clause into modify_pt condition metadata
 [2m[90mΓåô[39m[22m rules-engine/test/oracleIRParser.test.ts[2m > [22mOracle IR Parser[2m > [22mparses X-based modify_pt components with where-clause definition
 [2m[90mΓåô[39m[22m rules-engine/test/oracleIRParser.test.ts[2m > [22mOracle IR Parser[2m > [22mparses Undercity Informer activated reveal-until-land clause into mill unknown amount
 [2m[90mΓåô[39m[22m rules-engine/test/oracleIRParser.test.ts[2m > [22mOracle IR Parser[2m > [22mparses scry and surveil clauses into IR steps
 [2m[90mΓåô[39m[22m rules-engine/test/oracleIRParser.test.ts[2m > [22mOracle IR Parser[2m > [22mparses vote clauses into a vote step with parsed choices
 [2m[90mΓåô[39m[22m rules-engine/test/oracleIRParser.test.ts[2m > [22mOracle IR Parser[2m > [22mparses per-choice vote payoffs into scaled executable steps
 [2m[90mΓåô[39m[22m rules-engine/test/oracleIRParser.test.ts[2m > [22mOracle IR Parser[2m > [22mparses numeric per-choice vote scaling for counters and life
 [2m[90mΓåô[39m[22m rules-engine/test/oracleIRParser.test.ts[2m > [22mOracle IR Parser[2m > [22mparses deterministic add mana clauses into IR steps
 [2m[90mΓåô[39m[22m rules-engine/test/oracleIRParser.test.ts[2m > [22mOracle IR Parser[2m > [22mparses temporary mana-retention rider clauses into IR steps
 [2m[90mΓåô[39m[22m rules-engine/test/oracleIRParser.test.ts[2m > [22mOracle IR Parser[2m > [22mparses standalone exile-top (no permission clause) into exile_top step
 [2m[90mΓåô[39m[22m rules-engine/test/oracleIRParser.test.ts[2m > [22mOracle IR Parser[2m > [22mparses standalone exile-top for each player's library
 [2m[90mΓåô[39m[22m rules-engine/test/oracleIRParser.test.ts[2m > [22mOracle IR Parser[2m > [22mparses exile_top from triggered ability effect text
 [2m[90mΓåô[39m[22m rules-engine/test/oracleIRParser.test.ts[2m > [22mOracle IR Parser[2m > [22mparses exile_top from replacement effect (instead pattern)
 [2m[90mΓåô[39m[22m rules-engine/test/oracleIRParser.test.ts[2m > [22mOracle IR Parser[2m > [22mparses impulse exile-top with this-turn permission
 [2m[90mΓåô[39m[22m rules-engine/test/oracleIRParser.test.ts[2m > [22mOracle IR Parser[2m > [22mupgrades exile_top into impulse when permission is conditional "If you don't, you may play ..."
 [2m[90mΓåô[39m[22m rules-engine/test/oracleIRParser.test.ts[2m > [22mOracle IR Parser[2m > [22mupgrades exile_top into impulse for Spark of Creativity-style conditional permission
 [2m[90mΓåô[39m[22m rules-engine/test/oracleIRParser.test.ts[2m > [22mOracle IR Parser[2m > [22mupgrades exile_top into impulse for Synth Eradicator-style energy-or-play branch
 [2m[90mΓåô[39m[22m rules-engine/test/oracleIRParser.test.ts[2m > [22mOracle IR Parser[2m > [22mupgrades exile_top into impulse for The Great Juggernaut-style free-play rider
 [2m[90mΓåô[39m[22m rules-engine/test/oracleIRParser.test.ts[2m > [22mOracle IR Parser[2m > [22mupgrades exile_top into impulse for Bruse Tarl-style otherwise-cast permission
 [2m[90mΓåô[39m[22m rules-engine/test/oracleIRParser.test.ts[2m > [22mOracle IR Parser[2m > [22mupgrades optional exile_top into impulse and preserves optional metadata
 [2m[90mΓåô[39m[22m rules-engine/test/oracleIRParser.test.ts[2m > [22mOracle IR Parser[2m > [22mparses impulse exile-top with until-you-exile-another duration
 [2m[90mΓåô[39m[22m rules-engine/test/oracleIRParser.test.ts[2m > [22mOracle IR Parser[2m > [22mparses impulse exile-top with until-you-exile-another duration (artifact variant)
 [2m[90mΓåô[39m[22m rules-engine/test/oracleIRParser.test.ts[2m > [22mOracle IR Parser[2m > [22mparses impulse exile-top with implicit during-resolution permission (plural them)
 [2m[90mΓåô[39m[22m rules-engine/test/oracleIRParser.test.ts[2m > [22mOracle IR Parser[2m > [22mparses impulse exile-top with color-restricted spell permission (cast red spells from among them)
 [2m[90mΓåô[39m[22m rules-engine/test/oracleIRParser.test.ts[2m > [22mOracle IR Parser[2m > [22mparses impulse exile-top with leading until-end-of-turn and plural restricted-spells permission
 [2m[90mΓåô[39m[22m rules-engine/test/oracleIRParser.test.ts[2m > [22mOracle IR Parser[2m > [22mparses impulse exile-top with next-turn duration and plural restricted-spells from among the exiled cards
 [2m[90mΓåô[39m[22m rules-engine/test/oracleIRParser.test.ts[2m > [22mOracle IR Parser[2m > [22mparses impulse exile-top with "instant and sorcery spells" restriction (normalized to instant-or-sorcery)
 [2m[90mΓåô[39m[22m rules-engine/test/oracleIRParser.test.ts[2m > [22mOracle IR Parser[2m > [22mparses impulse exile-top with control-source duration
 [2m[90mΓåô[39m[22m rules-engine/test/oracleIRParser.test.ts[2m > [22mOracle IR Parser[2m > [22mparses impulse exile-top with until-end-of-combat-on-next-turn duration (Brazen Cannonade-style)
 [2m[90mΓåô[39m[22m rules-engine/test/oracleIRParser.test.ts[2m > [22mOracle IR Parser[2m > [22mparses impulse exile-top for each player with each-player permission window (Rocco, Street Chef)
 [2m[90mΓåô[39m[22m rules-engine/test/oracleIRParser.test.ts[2m > [22mOracle IR Parser[2m > [22mparses impulse exile-from-top with 'their next turn' duration (corpus)
 [2m[90mΓåô[39m[22m rules-engine/test/oracleIRParser.test.ts[2m > [22mOracle IR Parser[2m > [22mparses impulse exile-from-top when subject is 'its owner'
 [2m[90mΓåô[39m[22m rules-engine/test/oracleIRParser.test.ts[2m > [22mOracle IR Parser[2m > [22mparses impulse exile-from-top when subject is 'that permanent's controller'
 [2m[90mΓåô[39m[22m rules-engine/test/oracleIRParser.test.ts[2m > [22mOracle IR Parser[2m > [22mparses impulse exile-from-top when subject is 'that permanent's owner'
 [2m[90mΓåô[39m[22m rules-engine/test/oracleIRParser.test.ts[2m > [22mOracle IR Parser[2m > [22mparses impulse exile-from-top when subject is 'that creature's owner'
 [2m[90mΓåô[39m[22m rules-engine/test/oracleIRParser.test.ts[2m > [22mOracle IR Parser[2m > [22mparses impulse exile-from-top when subject is 'that card's controller'
 [2m[90mΓåô[39m[22m rules-engine/test/oracleIRParser.test.ts[2m > [22mOracle IR Parser[2m > [22mparses impulse exile-from-top when subject is 'that card's owner'
 [2m[90mΓåô[39m[22m rules-engine/test/oracleIRParser.test.ts[2m > [22mOracle IR Parser[2m > [22mparses impulse exile-from-top when subject is 'that artifact's controller'
 [2m[90mΓåô[39m[22m rules-engine/test/oracleIRParser.test.ts[2m > [22mOracle IR Parser[2m > [22mparses impulse exile-from-top when subject is 'defending player'
 [2m[90mΓåô[39m[22m rules-engine/test/oracleIRParser.test.ts[2m > [22mOracle IR Parser[2m > [22mparses impulse exile-until when subject is 'the defending player'
 [2m[90mΓåô[39m[22m rules-engine/test/oracleIRParser.test.ts[2m > [22mOracle IR Parser[2m > [22mparses impulse exile-top from 'the defending player's library' source wording
 [2m[90mΓåô[39m[22m rules-engine/test/oracleIRParser.test.ts[2m > [22mOracle IR Parser[2m > [22mparses impulse exile-top when variable amount uses 'its owner's library' source wording
 [2m[90mΓåô[39m[22m rules-engine/test/oracleIRParser.test.ts[2m > [22mOracle IR Parser[2m > [22mparses impulse exile-top with remains-exiled duration (suffix form)
 [2m[90mΓåô[39m[22m rules-engine/test/oracleIRParser.test.ts[2m > [22mOracle IR Parser[2m > [22mupgrades exile_top into impulse for suffix remains-exiled permission (each opponent)
 [2m[90mΓåô[39m[22m rules-engine/test/oracleIRParser.test.ts[2m > [22mOracle IR Parser[2m > [22mparses impulse exile-top with until-end-of-turn (suffix form) permission
 [2m[90mΓåô[39m[22m rules-engine/test/oracleIRParser.test.ts[2m > [22mOracle IR Parser[2m > [22mparses impulse exile-top with this-turn permission referencing the exiled card
 [2m[90mΓåô[39m[22m rules-engine/test/oracleIRParser.test.ts[2m > [22mOracle IR Parser[2m > [22mparses impulse exile-top when permission is granted to "they" (target player)
 [2m[90mΓåô[39m[22m rules-engine/test/oracleIRParser.test.ts[2m > [22mOracle IR Parser[2m > [22mparses impulse exile-until + "this Saga remains on the battlefield" duration
 [2m[90mΓåô[39m[22m rules-engine/test/oracleIRParser.test.ts[2m > [22mOracle IR Parser[2m > [22mparses impulse exile-top when permission is granted to "that player" (target player)
 [2m[90mΓåô[39m[22m rules-engine/test/oracleIRParser.test.ts[2m > [22mOracle IR Parser[2m > [22mparses impulse exile-top when permission is granted to "that opponent" (target opponent)
 [2m[90mΓåô[39m[22m rules-engine/test/oracleIRParser.test.ts[2m > [22mOracle IR Parser[2m > [22mparses impulse exile-top when permission is granted to "its owner" (target player)
 [2m[90mΓåô[39m[22m rules-engine/test/oracleIRParser.test.ts[2m > [22mOracle IR Parser[2m > [22mparses impulse exile-top when permission uses "can" for "its owner" (target player)
 [2m[90mΓåô[39m[22m rules-engine/test/oracleIRParser.test.ts[2m > [22mOracle IR Parser[2m > [22mparses impulse exile-top when permission is granted to "its owner" for plural exile (target player)
 [2m[90mΓåô[39m[22m rules-engine/test/oracleIRParser.test.ts[2m > [22mOracle IR Parser[2m > [22mparses impulse exile-top when permission references spells they exiled this way (target player)
 [2m[90mΓåô[39m[22m rules-engine/test/oracleIRParser.test.ts[2m > [22mOracle IR Parser[2m > [22mparses impulse exile-top when permission references the spell they exiled this way (target player)
 [2m[90mΓåô[39m[22m rules-engine/test/oracleIRParser.test.ts[2m > [22mOracle IR Parser[2m > [22mparses impulse exile-top when permission uses "until the end of this turn" (target player)
 [2m[90mΓåô[39m[22m rules-engine/test/oracleIRParser.test.ts[2m > [22mOracle IR Parser[2m > [22mparses impulse exile-top when permission uses "through end of this turn" (target player)
 [2m[90mΓåô[39m[22m rules-engine/test/oracleIRParser.test.ts[2m > [22mOracle IR Parser[2m > [22mparses impulse exile-top when permission uses "during their next turn" (target player)
 [2m[90mΓåô[39m[22m rules-engine/test/oracleIRParser.test.ts[2m > [22mOracle IR Parser[2m > [22mparses impulse exile-top when permission uses "until the end of their next turn" (target player)
 [2m[90mΓåô[39m[22m rules-engine/test/oracleIRParser.test.ts[2m > [22mOracle IR Parser[2m > [22mparses impulse exile-top when permission uses "can" + "until the end of their next turn" (target player)
 [2m[90mΓåô[39m[22m rules-engine/test/oracleIRParser.test.ts[2m > [22mOracle IR Parser[2m > [22mparses impulse exile-top when permission uses "until the beginning of their next upkeep" (target player)
 [2m[90mΓåô[39m[22m rules-engine/test/oracleIRParser.test.ts[2m > [22mOracle IR Parser[2m > [22mparses impulse exile-top when permission uses "until your next end step" (target player)
 [2m[90mΓåô[39m[22m rules-engine/test/oracleIRParser.test.ts[2m > [22mOracle IR Parser[2m > [22mparses impulse exile-top when permission uses "can" + "until your next end step" (target player)
 [2m[90mΓåô[39m[22m rules-engine/test/oracleIRParser.test.ts[2m > [22mOracle IR Parser[2m > [22mparses impulse exile-top when permission uses "through their next turn" (target player)
 [2m[90mΓåô[39m[22m rules-engine/test/oracleIRParser.test.ts[2m > [22mOracle IR Parser[2m > [22mparses impulse exile-top when permission uses "can" + "through their next turn" (target player)
 [2m[90mΓåô[39m[22m rules-engine/test/oracleIRParser.test.ts[2m > [22mOracle IR Parser[2m > [22mparses impulse exile-top when permission uses "through your next upkeep" (target player)
 [2m[90mΓåô[39m[22m rules-engine/test/oracleIRParser.test.ts[2m > [22mOracle IR Parser[2m > [22mparses impulse exile-top when permission uses "through your next end step" (target player)
 [2m[90mΓåô[39m[22m rules-engine/test/oracleIRParser.test.ts[2m > [22mOracle IR Parser[2m > [22mparses impulse exile-top when permission uses "can" + "through your next end step" (target player)
 [2m[90mΓåô[39m[22m rules-engine/test/oracleIRParser.test.ts[2m > [22mOracle IR Parser[2m > [22mparses impulse exile-top when permission uses "until end of combat on their next turn" (target player)
 [2m[90mΓåô[39m[22m rules-engine/test/oracleIRParser.test.ts[2m > [22mOracle IR Parser[2m > [22mparses impulse exile-top when permission uses leading "until your next turn" (target player)
 [2m[90mΓåô[39m[22m rules-engine/test/oracleIRParser.test.ts[2m > [22mOracle IR Parser[2m > [22mparses impulse exile-top when permission uses leading "until your next turn" with owner can-cast permission (target player)
 [2m[90mΓåô[39m[22m rules-engine/test/oracleIRParser.test.ts[2m > [22mOracle IR Parser[2m > [22mparses impulse exile-top when permission uses leading "until your next turn" with play-permission (target player)
 [2m[90mΓåô[39m[22m rules-engine/test/oracleIRParser.test.ts[2m > [22mOracle IR Parser[2m > [22mparses impulse exile-top when permission uses leading "until your next turn" with owner can-play permission (target player)
 [2m[90mΓåô[39m[22m rules-engine/test/oracleIRParser.test.ts[2m > [22mOracle IR Parser[2m > [22mparses impulse exile-top when permission uses "during their next turn" with owner play-permission (target player)
 [2m[90mΓåô[39m[22m rules-engine/test/oracleIRParser.test.ts[2m > [22mOracle IR Parser[2m > [22mparses impulse exile-top when permission uses "can" + "during their next turn" with owner play-permission (target player)
 [2m[90mΓåô[39m[22m rules-engine/test/oracleIRParser.test.ts[2m > [22mOracle IR Parser[2m > [22mparses impulse exile-top when permission uses "until the end of their next turn" with owner play-permission (target player)
 [2m[90mΓåô[39m[22m rules-engine/test/oracleIRParser.test.ts[2m > [22mOracle IR Parser[2m > [22mparses impulse exile-top when permission uses "can" + "until the end of their next turn" with owner play-permission (target player)
 [2m[90mΓåô[39m[22m rules-engine/test/oracleIRParser.test.ts[2m > [22mOracle IR Parser[2m > [22mparses impulse exile-top when permission uses "through your next upkeep" with owner play-permission (target player)
 [2m[90mΓåô[39m[22m rules-engine/test/oracleIRParser.test.ts[2m > [22mOracle IR Parser[2m > [22mparses impulse exile-top when permission uses "can" + "through your next upkeep" with owner play-permission (target player)
 [2m[90mΓåô[39m[22m rules-engine/test/oracleIRParser.test.ts[2m > [22mOracle IR Parser[2m > [22mparses impulse exile-top when permission uses "through your next end step" with owner play-permission (target player)
 [2m[90mΓåô[39m[22m rules-engine/test/oracleIRParser.test.ts[2m > [22mOracle IR Parser[2m > [22mparses impulse exile-top when permission uses "can" + "through your next end step" with owner play-permission (target player)
 [2m[90mΓåô[39m[22m rules-engine/test/oracleIRParser.test.ts[2m > [22mOracle IR Parser[2m > [22mparses impulse exile-top when permission uses "through their next turn" with owner play-permission (target player)
 [2m[90mΓåô[39m[22m rules-engine/test/oracleIRParser.test.ts[2m > [22mOracle IR Parser[2m > [22mparses impulse exile-top when permission uses "can" + "through their next turn" with owner play-permission (target player)
 [2m[90mΓåô[39m[22m rules-engine/test/oracleIRParser.test.ts[2m > [22mOracle IR Parser[2m > [22mparses impulse exile-top when permission uses "until the beginning of their next upkeep" with owner play-permission (target player)
 [2m[90mΓåô[39m[22m rules-engine/test/oracleIRParser.test.ts[2m > [22mOracle IR Parser[2m > [22mparses impulse exile-top when permission uses "can" + "until the beginning of their next upkeep" with owner play-permission (target player)
 [2m[90mΓåô[39m[22m rules-engine/test/oracleIRParser.test.ts[2m > [22mOracle IR Parser[2m > [22mparses impulse exile-top when permission uses "until your next end step" with owner play-permission (target player)
 [2m[90mΓåô[39m[22m rules-engine/test/oracleIRParser.test.ts[2m > [22mOracle IR Parser[2m > [22mparses impulse exile-top when permission uses "can" + "until your next end step" with owner play-permission (target player)
 [2m[90mΓåô[39m[22m rules-engine/test/oracleIRParser.test.ts[2m > [22mOracle IR Parser[2m > [22mparses impulse exile-top when permission uses leading "until your next end step" with owner play-permission (target player)
 [2m[90mΓåô[39m[22m rules-engine/test/oracleIRParser.test.ts[2m > [22mOracle IR Parser[2m > [22mparses impulse exile-top when permission uses leading "until your next turn" with controller play-permission (target player)
 [2m[90mΓåô[39m[22m rules-engine/test/oracleIRParser.test.ts[2m > [22mOracle IR Parser[2m > [22mparses impulse exile-top when permission uses leading "until your next turn" with controller can-play permission (target player)
 [2m[90mΓåô[39m[22m rules-engine/test/oracleIRParser.test.ts[2m > [22mOracle IR Parser[2m > [22mparses impulse exile-top when permission uses leading "until your next end step" with controller play-permission (target player)
 [2m[90mΓåô[39m[22m rules-engine/test/oracleIRParser.test.ts[2m > [22mOracle IR Parser[2m > [22mparses impulse exile-top when permission uses leading "until your next turn" with controller cast-permission (target player)
 [2m[90mΓåô[39m[22m rules-engine/test/oracleIRParser.test.ts[2m > [22mOracle IR Parser[2m > [22mparses impulse exile-top when permission uses leading "until your next turn" with controller can-cast permission (target player)
 [2m[90mΓåô[39m[22m rules-engine/test/oracleIRParser.test.ts[2m > [22mOracle IR Parser[2m > [22mparses impulse exile-top when permission uses leading "until your next end step" with controller cast-permission (target player)
 [2m[90mΓåô[39m[22m rules-engine/test/oracleIRParser.test.ts[2m > [22mOracle IR Parser[2m > [22mparses impulse exile-top when permission uses "through your next end step" with controller play-permission (target player)
 [2m[90mΓåô[39m[22m rules-engine/test/oracleIRParser.test.ts[2m > [22mOracle IR Parser[2m > [22mparses impulse exile-top when permission uses "during their next turn" with controller play-permission (target player)
 [2m[90mΓåô[39m[22m rules-engine/test/oracleIRParser.test.ts[2m > [22mOracle IR Parser[2m > [22mparses impulse exile-top when permission uses "can" + "during their next turn" with controller play-permission (target player)
 [2m[90mΓåô[39m[22m rules-engine/test/oracleIRParser.test.ts[2m > [22mOracle IR Parser[2m > [22mparses impulse exile-top when permission uses "until the end of their next turn" with controller play-permission (target player)
 [2m[90mΓåô[39m[22m rules-engine/test/oracleIRParser.test.ts[2m > [22mOracle IR Parser[2m > [22mparses impulse exile-top when permission uses "can" + "until the end of their next turn" with controller play-permission (target player)
 [2m[90mΓåô[39m[22m rules-engine/test/oracleIRParser.test.ts[2m > [22mOracle IR Parser[2m > [22mparses impulse exile-top when permission uses "through your next upkeep" with controller play-permission (target player)
 [2m[90mΓåô[39m[22m rules-engine/test/oracleIRParser.test.ts[2m > [22mOracle IR Parser[2m > [22mparses impulse exile-top when permission uses "can" + "through your next upkeep" with controller play-permission (target player)
 [2m[90mΓåô[39m[22m rules-engine/test/oracleIRParser.test.ts[2m > [22mOracle IR Parser[2m > [22mparses impulse exile-top when permission uses "through their next turn" with controller play-permission (target player)
 [2m[90mΓåô[39m[22m rules-engine/test/oracleIRParser.test.ts[2m > [22mOracle IR Parser[2m > [22mparses impulse exile-top when permission uses "can" + "through their next turn" with controller play-permission (target player)
 [2m[90mΓåô[39m[22m rules-engine/test/oracleIRParser.test.ts[2m > [22mOracle IR Parser[2m > [22mparses impulse exile-top when permission uses "until the beginning of their next upkeep" with controller play-permission (target player)
 [2m[90mΓåô[39m[22m rules-engine/test/oracleIRParser.test.ts[2m > [22mOracle IR Parser[2m > [22mparses impulse exile-top when permission uses "can" + "until the beginning of their next upkeep" with controller play-permission (target player)
 [2m[90mΓåô[39m[22m rules-engine/test/oracleIRParser.test.ts[2m > [22mOracle IR Parser[2m > [22mparses impulse exile-top when permission uses "until your next end step" with controller play-permission (target player)
 [2m[90mΓåô[39m[22m rules-engine/test/oracleIRParser.test.ts[2m > [22mOracle IR Parser[2m > [22mparses impulse exile-top when permission uses "can" with controller play-permission (target player)
 [2m[90mΓåô[39m[22m rules-engine/test/oracleIRParser.test.ts[2m > [22mOracle IR Parser[2m > [22mparses impulse exile-top when permission uses "can" + "through your next end step" with controller play-permission (target player)
 [2m[90mΓåô[39m[22m rules-engine/test/oracleIRParser.test.ts[2m > [22mOracle IR Parser[2m > [22mparses impulse exile-top when permission uses "through your next upkeep" with controller cast-permission (target player)
 [2m[90mΓåô[39m[22m rules-engine/test/oracleIRParser.test.ts[2m > [22mOracle IR Parser[2m > [22mparses impulse exile-top when permission uses "can" + "through your next upkeep" with controller cast-permission (target player)
 [2m[90mΓåô[39m[22m rules-engine/test/oracleIRParser.test.ts[2m > [22mOracle IR Parser[2m > [22mparses impulse exile-top when permission uses "this turn" with controller cast-permission (target player)
 [2m[90mΓåô[39m[22m rules-engine/test/oracleIRParser.test.ts[2m > [22mOracle IR Parser[2m > [22mparses impulse exile-top when permission uses "until the end of this turn" with controller cast-permission (target player)
 [2m[90mΓåô[39m[22m rules-engine/test/oracleIRParser.test.ts[2m > [22mOracle IR Parser[2m > [22mparses impulse exile-top when permission uses "through end of this turn" with controller cast-permission (target player)
 [2m[90mΓåô[39m[22m rules-engine/test/oracleIRParser.test.ts[2m > [22mOracle IR Parser[2m > [22mparses impulse exile-top when permission uses "until your next end step" with controller cast-permission (target player)
 [2m[90mΓåô[39m[22m rules-engine/test/oracleIRParser.test.ts[2m > [22mOracle IR Parser[2m > [22mparses impulse exile-top when permission uses "can" + "until your next end step" with controller cast-permission (target player)
 [2m[90mΓåô[39m[22m rules-engine/test/oracleIRParser.test.ts[2m > [22mOracle IR Parser[2m > [22mparses impulse exile-top when permission uses "through your next end step" with controller cast-permission (target player)
 [2m[90mΓåô[39m[22m rules-engine/test/oracleIRParser.test.ts[2m > [22mOracle IR Parser[2m > [22mparses impulse exile-top when permission uses "can" + "through your next end step" with controller cast-permission (target player)
 [2m[90mΓåô[39m[22m rules-engine/test/oracleIRParser.test.ts[2m > [22mOracle IR Parser[2m > [22mparses impulse exile-top when permission uses "during their next turn" with controller cast-permission (target player)
 [2m[90mΓåô[39m[22m rules-engine/test/oracleIRParser.test.ts[2m > [22mOracle IR Parser[2m > [22mparses impulse exile-top when permission uses "can" + "during their next turn" with controller cast-permission (target player)
 [2m[90mΓåô[39m[22m rules-engine/test/oracleIRParser.test.ts[2m > [22mOracle IR Parser[2m > [22mparses impulse exile-top when permission uses "through their next turn" with controller cast-permission (target player)
 [2m[90mΓåô[39m[22m rules-engine/test/oracleIRParser.test.ts[2m > [22mOracle IR Parser[2m > [22mparses impulse exile-top when permission uses "can" + "through their next turn" with controller cast-permission (target player)
 [2m[90mΓåô[39m[22m rules-engine/test/oracleIRParser.test.ts[2m > [22mOracle IR Parser[2m > [22mparses impulse exile-top when permission uses "until the end of their next turn" with controller cast-permission (target player)
 [2m[90mΓåô[39m[22m rules-engine/test/oracleIRParser.test.ts[2m > [22mOracle IR Parser[2m > [22mparses impulse exile-top when permission uses "can" + "until the end of their next turn" with controller cast-permission (target player)
 [2m[90mΓåô[39m[22m rules-engine/test/oracleIRParser.test.ts[2m > [22mOracle IR Parser[2m > [22mparses impulse exile-top when permission uses "until the beginning of their next upkeep" with controller cast-permission (target player)
 [2m[90mΓåô[39m[22m rules-engine/test/oracleIRParser.test.ts[2m > [22mOracle IR Parser[2m > [22mparses impulse exile-top when permission uses "can" + "until the beginning of their next upkeep" with controller cast-permission (target player)
 [2m[90mΓåô[39m[22m rules-engine/test/oracleIRParser.test.ts[2m > [22mOracle IR Parser[2m > [22mparses impulse exile-top when permission uses "until end of combat on their next turn" with controller cast-permission (target player)
 [2m[90mΓåô[39m[22m rules-engine/test/oracleIRParser.test.ts[2m > [22mOracle IR Parser[2m > [22mparses impulse exile-top when permission uses leading "until your next end step" (target player)
 [2m[90mΓåô[39m[22m rules-engine/test/oracleIRParser.test.ts[2m > [22mOracle IR Parser[2m > [22mupgrades target-opponent exile_top into impulse when deterministic text intervenes
 [2m[90mΓåô[39m[22m rules-engine/test/oracleIRParser.test.ts[2m > [22mOracle IR Parser[2m > [22mupgrades face-down look+exile into impulse when deterministic text intervenes
 [2m[90mΓåô[39m[22m rules-engine/test/oracleIRParser.test.ts[2m > [22mOracle IR Parser[2m > [22mparses impulse exile-top with cast-that-spell permission
 [2m[90mΓåô[39m[22m rules-engine/test/oracleIRParser.test.ts[2m > [22mOracle IR Parser[2m > [22mparses impulse exile-top when the exiled card is castable with no explicit duration
 [2m[90mΓåô[39m[22m rules-engine/test/oracleIRParser.test.ts[2m > [22mOracle IR Parser[2m > [22mparses impulse exile-top with an inline X definition clause
 [2m[90mΓåô[39m[22m rules-engine/test/oracleIRParser.test.ts[2m > [22mOracle IR Parser[2m > [22mparses impulse exile-top with an intervening look clause
 [2m[90mΓåô[39m[22m rules-engine/test/oracleIRParser.test.ts[2m > [22mOracle IR Parser[2m > [22mparses impulse exile-top with a look-any-time clause intervening
 [2m[90mΓåô[39m[22m rules-engine/test/oracleIRParser.test.ts[2m > [22mOracle IR Parser[2m > [22mparses impulse exile-top with a parenthetical look-any-time reminder intervening
 [2m[90mΓåô[39m[22m rules-engine/test/oracleIRParser.test.ts[2m > [22mOracle IR Parser[2m > [22mparses impulse exile-top from Breeches (AtomicCards) with contextual each_of_those_opponents selector
 [2m[90mΓåô[39m[22m rules-engine/test/oracleIRParser.test.ts[2m > [22mOracle IR Parser[2m > [22mparses impulse exile-top with during-resolution cast-from-among (Etali-style)
 [2m[90mΓåô[39m[22m rules-engine/test/oracleIRParser.test.ts[2m > [22mOracle IR Parser[2m > [22mparses impulse exile-top with look + spend-mana reminders intervening
 [2m[90mΓåô[39m[22m rules-engine/test/oracleIRParser.test.ts[2m > [22mOracle IR Parser[2m > [22mparses impulse exile-top with look + spend-mana + choose-one intervening
 [2m[90mΓåô[39m[22m rules-engine/test/oracleIRParser.test.ts[2m > [22mOracle IR Parser[2m > [22mparses impulse exile-top when a deterministic clause intervenes before the permission window
 [2m[90mΓåô[39m[22m rules-engine/test/oracleIRParser.test.ts[2m > [22mOracle IR Parser[2m > [22mparses Infernal Reckoning life gain as an object-stat power amount
 [2m[90mΓåô[39m[22m rules-engine/test/oracleIRParser.test.ts[2m > [22mOracle IR Parser[2m > [22mparses Sheltering Word life gain as a that-creature toughness amount
 [2m[90mΓåô[39m[22m rules-engine/test/oracleIRParser.test.ts[2m > [22mOracle IR Parser[2m > [22mparses Gray Merchant life gain as the total life lost this way
 [2m[90mΓåô[39m[22m rules-engine/test/oracleIRParser.test.ts[2m > [22mOracle IR Parser[2m > [22mparses impulse exile-top for each player's library
 [2m[90mΓåô[39m[22m rules-engine/test/oracleIRParser.test.ts[2m > [22mOracle IR Parser[2m > [22mparses impulse exile-top with mana-spend reminder suffix
 [2m[90mΓåô[39m[22m rules-engine/test/oracleIRParser.test.ts[2m > [22mOracle IR Parser[2m > [22mparses impulse exile-top for each player's library referencing the exiled cards
 [2m[90mΓåô[39m[22m rules-engine/test/oracleIRParser.test.ts[2m > [22mOracle IR Parser[2m > [22mparses impulse exile-top for each player's library referencing the exiled spells
 [2m[90mΓåô[39m[22m rules-engine/test/oracleIRParser.test.ts[2m > [22mOracle IR Parser[2m > [22mparses impulse exile-top for each opponent's library
 [2m[90mΓåô[39m[22m rules-engine/test/oracleIRParser.test.ts[2m > [22mOracle IR Parser[2m > [22mparses impulse exile-top when a target opponent exiles the top card of their library
 [2m[90mΓåô[39m[22m rules-engine/test/oracleIRParser.test.ts[2m > [22mOracle IR Parser[2m > [22mparses impulse exile-top with intervening "Choose one of them" clause
 [2m[90mΓåô[39m[22m rules-engine/test/oracleIRParser.test.ts[2m > [22mOracle IR Parser[2m > [22mparses impulse exile-top with "If you do," prefix and then-split choose clause
 [2m[90mΓåô[39m[22m rules-engine/test/oracleIRParser.test.ts[2m > [22mOracle IR Parser[2m > [22mparses impulse exile-top for target opponent library with intervening choose clause
 [2m[90mΓåô[39m[22m rules-engine/test/oracleIRParser.test.ts[2m > [22mOracle IR Parser[2m > [22mparses impulse exile-top with next-turn permission
 [2m[90mΓåô[39m[22m rules-engine/test/oracleIRParser.test.ts[2m > [22mOracle IR Parser[2m > [22mparses impulse exile-top with next-turn permission (missing "the")
 [2m[90mΓåô[39m[22m rules-engine/test/oracleIRParser.test.ts[2m > [22mOracle IR Parser[2m > [22mparses impulse exile-top with next-turn permission (no "your")
 [2m[90mΓåô[39m[22m rules-engine/test/oracleIRParser.test.ts[2m > [22mOracle IR Parser[2m > [22mparses impulse exile-top with next-turn permission (end of the next turn)
 [2m[90mΓåô[39m[22m rules-engine/test/oracleIRParser.test.ts[2m > [22mOracle IR Parser[2m > [22mparses impulse exile-top with leading until-end-of-turn for those cards
 [2m[90mΓåô[39m[22m rules-engine/test/oracleIRParser.test.ts[2m > [22mOracle IR Parser[2m > [22mparses impulse exile-top with leading until-the-end-of-turn for those cards
 [2m[90mΓåô[39m[22m rules-engine/test/oracleIRParser.test.ts[2m > [22mOracle IR Parser[2m > [22mparses impulse exile-top with leading until-end-of-your-next-turn for those cards
 [2m[90mΓåô[39m[22m rules-engine/test/oracleIRParser.test.ts[2m > [22mOracle IR Parser[2m > [22mparses impulse exile-top with next-turn permission (trailing until, missing "the")
 [2m[90mΓåô[39m[22m rules-engine/test/oracleIRParser.test.ts[2m > [22mOracle IR Parser[2m > [22mparses impulse exile-top with next-turn permission (trailing until, no "your")
 [2m[90mΓåô[39m[22m rules-engine/test/oracleIRParser.test.ts[2m > [22mOracle IR Parser[2m > [22mparses impulse exile-top with next-turn permission (trailing until, can-alias, missing "the")
 [2m[90mΓåô[39m[22m rules-engine/test/oracleIRParser.test.ts[2m > [22mOracle IR Parser[2m > [22mparses impulse exile-top with next-turn permission (trailing until, can-alias, end of the next turn)
 [2m[90mΓåô[39m[22m rules-engine/test/oracleIRParser.test.ts[2m > [22mOracle IR Parser[2m > [22mparses impulse exile-top with next-turn permission (trailing until, end of the next turn)
 [2m[90mΓåô[39m[22m rules-engine/test/oracleIRParser.test.ts[2m > [22mOracle IR Parser[2m > [22mparses impulse exile-top with until-your-next-turn permission
 [2m[90mΓåô[39m[22m rules-engine/test/oracleIRParser.test.ts[2m > [22mOracle IR Parser[2m > [22mparses impulse exile-top with next-end-step permission (leading)
 [2m[90mΓåô[39m[22m rules-engine/test/oracleIRParser.test.ts[2m > [22mOracle IR Parser[2m > [22mparses impulse exile-top with next-end-step permission (trailing)
 [2m[90mΓåô[39m[22m rules-engine/test/oracleIRParser.test.ts[2m > [22mOracle IR Parser[2m > [22mparses impulse exile-top with next-end-step permission (trailing can-alias)
 [2m[90mΓåô[39m[22m rules-engine/test/oracleIRParser.test.ts[2m > [22mOracle IR Parser[2m > [22mparses impulse exile-top with next-end-step permission (through trailing can-alias)
 [2m[90mΓåô[39m[22m rules-engine/test/oracleIRParser.test.ts[2m > [22mOracle IR Parser[2m > [22mparses impulse exile-top in Saga chapter lines (roman numeral prefix)
 [2m[90mΓåô[39m[22m rules-engine/test/oracleIRParser.test.ts[2m > [22mOracle IR Parser[2m > [22mparses impulse exile-top in modal options with a named mode label (corpus-style)
 [2m[90mΓåô[39m[22m rules-engine/test/oracleIRParser.test.ts[2m > [22mOracle IR Parser[2m > [22mparses split choose-one bullet blocks with choose-both riders into choose_mode
 [2m[90mΓåô[39m[22m rules-engine/test/oracleIRParser.test.ts[2m > [22mOracle IR Parser[2m > [22mparses choose-any-number modal bullet blocks into choose_mode
 [2m[90mΓåô[39m[22m rules-engine/test/oracleIRParser.test.ts[2m > [22mOracle IR Parser[2m > [22mparses choose-both riders without explicit you-may wording into choose_mode
 [2m[90mΓåô[39m[22m rules-engine/test/oracleIRParser.test.ts[2m > [22mOracle IR Parser[2m > [22mparses prelude text followed by choose-one bullets into preserved prelude plus choose_mode output
 [2m[90mΓåô[39m[22m rules-engine/test/oracleIRParser.test.ts[2m > [22mOracle IR Parser[2m > [22mparses simple choose-one em-dash bullet blocks into choose_mode
 [2m[90mΓåô[39m[22m rules-engine/test/oracleIRParser.test.ts[2m > [22mOracle IR Parser[2m > [22mpreserves choose_mode labels that include lowercase connector words
 [2m[90mΓåô[39m[22m rules-engine/test/oracleIRParser.test.ts[2m > [22mOracle IR Parser[2m > [22mparses choose-one-or-more bullet blocks into choose_mode with a flexible upper bound
 [2m[90mΓåô[39m[22m rules-engine/test/oracleIRParser.test.ts[2m > [22mOracle IR Parser[2m > [22mparses impulse exile-top with an ability-word prefix + at-beginning wrapper (Prosper-style)
 [2m[90mΓåô[39m[22m rules-engine/test/oracleIRParser.test.ts[2m > [22mOracle IR Parser[2m > [22mparses impulse with variable-amount exile "cards equal to <expr>" from top of target player library (corpus)
 [2m[90mΓåô[39m[22m rules-engine/test/oracleIRParser.test.ts[2m > [22mOracle IR Parser[2m > [22mparses impulse exile-top with in-clause mana-spend reminder
 [2m[90mΓåô[39m[22m rules-engine/test/oracleIRParser.test.ts[2m > [22mOracle IR Parser[2m > [22mparses impulse exile-top with cast-spells-from-among-them permission
 [2m[90mΓåô[39m[22m rules-engine/test/oracleIRParser.test.ts[2m > [22mOracle IR Parser[2m > [22mparses impulse exile-top with "instant and/or sorcery" restriction (Kylox-style any-number-of)
 [2m[90mΓåô[39m[22m rules-engine/test/oracleIRParser.test.ts[2m > [22mOracle IR Parser[2m > [22mparses impulse exile-top with "cast up to N" + mana-value restriction (Collected Conjuring)
 [2m[90mΓåô[39m[22m rules-engine/test/oracleIRParser.test.ts[2m > [22mOracle IR Parser[2m > [22mparses impulse exile-top with plural mana-value restriction (Epic Experiment)
 [2m[90mΓåô[39m[22m rules-engine/test/oracleIRParser.test.ts[2m > [22mOracle IR Parser[2m > [22mparses impulse exile-top with singular mana-value restriction (Muse Vortex)
 [2m[90mΓåô[39m[22m rules-engine/test/oracleIRParser.test.ts[2m > [22mOracle IR Parser[2m > [22mparses impulse exile-top with cast-a-spell-from-among-those-cards until-end-of-turn permission
 [2m[90mΓåô[39m[22m rules-engine/test/oracleIRParser.test.ts[2m > [22mOracle IR Parser[2m > [22mparses impulse exile-top with cast-a-spell-from-among-those-cards until-end-of-your-next-turn permission
 [2m[90mΓåô[39m[22m rules-engine/test/oracleIRParser.test.ts[2m > [22mOracle IR Parser[2m > [22mparses impulse exile-top with play-lands-and-cast-spells-from-among-those-cards permission
 [2m[90mΓåô[39m[22m rules-engine/test/oracleIRParser.test.ts[2m > [22mOracle IR Parser[2m > [22mparses impulse exile-top with play-lands-and-cast-spells from among those cards until end of your next turn
 [2m[90mΓåô[39m[22m rules-engine/test/oracleIRParser.test.ts[2m > [22mOracle IR Parser[2m > [22mparses impulse exile-top with trailing play-lands-and-cast-spells from among those cards until end of your next turn
 [2m[90mΓåô[39m[22m rules-engine/test/oracleIRParser.test.ts[2m > [22mOracle IR Parser[2m > [22mparses impulse exile-top with cast-spells-from-among-those-exiled-cards permission
 [2m[90mΓåô[39m[22m rules-engine/test/oracleIRParser.test.ts[2m > [22mOracle IR Parser[2m > [22mparses impulse exile-top when permission says cast spells from among the exiled cards
 [2m[90mΓåô[39m[22m rules-engine/test/oracleIRParser.test.ts[2m > [22mOracle IR Parser[2m > [22mparses impulse exile-top when permission says cast spells from among the cards exiled this way
 [2m[90mΓåô[39m[22m rules-engine/test/oracleIRParser.test.ts[2m > [22mOracle IR Parser[2m > [22mparses impulse exile-top when permission says cast spells from among those cards
 [2m[90mΓåô[39m[22m rules-engine/test/oracleIRParser.test.ts[2m > [22mOracle IR Parser[2m > [22mparses impulse exile-top when exile clause uses "that many cards from the top" wording (Dream Pillager template)
 [2m[90mΓåô[39m[22m rules-engine/test/oracleIRParser.test.ts[2m > [22mOracle IR Parser[2m > [22mparses impulse exile-top for 'exiles cards from the top ... until ... You may cast that card' (corpus: Chaos Wand)
 [2m[90mΓåô[39m[22m rules-engine/test/oracleIRParser.test.ts[2m > [22mOracle IR Parser[2m > [22mparses impulse exile-until with intervening 'then shuffles the rest' rider (corpus: Wand of Wonder)
 [2m[90mΓåô[39m[22m rules-engine/test/oracleIRParser.test.ts[2m > [22mOracle IR Parser[2m > [22mparses impulse exile-until + 'you may cast cards exiled this way' permission (corpus: Dream Harvest)
 [2m[90mΓåô[39m[22m rules-engine/test/oracleIRParser.test.ts[2m > [22mOracle IR Parser[2m > [22mparses impulse exile-until when subject is 'each of those opponents'
 [2m[90mΓåô[39m[22m rules-engine/test/oracleIRParser.test.ts[2m > [22mOracle IR Parser[2m > [22mparses impulse exile-until when subject is 'those opponents'
 [2m[90mΓåô[39m[22m rules-engine/test/oracleIRParser.test.ts[2m > [22mOracle IR Parser[2m > [22mparses impulse exile-until when subject is 'all of those opponents'
 [2m[90mΓåô[39m[22m rules-engine/test/oracleIRParser.test.ts[2m > [22mOracle IR Parser[2m > [22mparses impulse exile-until when subject is 'all those opponents'
 [2m[90mΓåô[39m[22m rules-engine/test/oracleIRParser.test.ts[2m > [22mOracle IR Parser[2m > [22mparses impulse exile-until + 'cast that card by paying life' permission (corpus: Bismuth Mindrender)
 [2m[90mΓåô[39m[22m rules-engine/test/oracleIRParser.test.ts[2m > [22mOracle IR Parser[2m > [22mparses impulse exile-until + third-person permission with implied subject (corpus: Tibalt's Trickery)
 [2m[90mΓåô[39m[22m rules-engine/test/oracleIRParser.test.ts[2m > [22mOracle IR Parser[2m > [22mparses simple counterspell text into a direct counter_spell step
 [2m[90mΓåô[39m[22m rules-engine/test/oracleIRParser.test.ts[2m > [22mOracle IR Parser[2m > [22mparses Force Spike text into an unless-pays-mana wrapper around counter_spell
 [2m[90mΓåô[39m[22m rules-engine/test/oracleIRParser.test.ts[2m > [22mOracle IR Parser[2m > [22mparses target opponent reveals their hand into a direct reveal_hand step
 [2m[90mΓåô[39m[22m rules-engine/test/oracleIRParser.test.ts[2m > [22mOracle IR Parser[2m > [22mparses that player discards that card into a targeted discard step
 [2m[90mΓåô[39m[22m rules-engine/test/oracleIRParser.test.ts[2m > [22mOracle IR Parser[2m > [22mparses you may discard that card into an optional targeted discard step
 [2m[90mΓåô[39m[22m rules-engine/test/oracleIRParser.test.ts[2m > [22mOracle IR Parser[2m > [22mprunes activate-only-once restriction text from activated ability steps
 [2m[90mΓåô[39m[22m rules-engine/test/oracleIRParser.test.ts[2m > [22mOracle IR Parser[2m > [22mkeeps target continuation text inside activated abilities and prunes own-turn restriction steps
 [2m[90mΓåô[39m[22m rules-engine/test/oracleIRParser.test.ts[2m > [22mOracle IR Parser[2m > [22mparses standalone attack-each-combat requirements as static grants
 [2m[90mΓåô[39m[22m rules-engine/test/oracleIRParser.test.ts[2m > [22mOracle IR Parser[2m > [22mprunes standalone defending-player basic-land attack restrictions from Oracle IR
 [2m[90mΓåô[39m[22m rules-engine/test/oracleIRParser.test.ts[2m > [22mOracle IR Parser[2m > [22mparses standalone blocker-limit restriction abilities as static grants
 [2m[90mΓåô[39m[22m rules-engine/test/oracleIRParser.test.ts[2m > [22mOracle IR Parser[2m > [22mprunes standalone convoke keyword lines from Oracle IR while keeping the keyword
 [2m[90mΓåô[39m[22m rules-engine/test/oracleIRParser.test.ts[2m > [22mOracle IR Parser[2m > [22mprunes standalone kicker reminder abilities while keeping the kicker keyword
 [2m[90mΓåô[39m[22m rules-engine/test/oracleIRParser.test.ts[2m > [22mOracle IR Parser[2m > [22mprunes standalone affinity reminder lines from Oracle IR while keeping the keyword
 [2m[90mΓåô[39m[22m rules-engine/test/oracleIRParser.test.ts[2m > [22mOracle IR Parser[2m > [22mprunes standalone shroud reminder lines from Oracle IR while keeping the keyword
 [2m[90mΓåô[39m[22m rules-engine/test/oracleIRParser.test.ts[2m > [22mOracle IR Parser[2m > [22mprunes standalone protection keyword lines while keeping the protection keyword
 [2m[90mΓåô[39m[22m rules-engine/test/oracleIRParser.test.ts[2m > [22mOracle IR Parser[2m > [22mprunes standalone toxic reminder lines while keeping the toxic keyword
 [2m[90mΓåô[39m[22m rules-engine/test/oracleIRParser.test.ts[2m > [22mOracle IR Parser[2m > [22mprunes standalone mixed keyword lists that include protection
 [2m[90mΓåô[39m[22m rules-engine/test/oracleIRParser.test.ts[2m > [22mOracle IR Parser[2m > [22mprunes long convoke reminder text from full card text while keeping the spell effect
 [2m[90mΓåô[39m[22m rules-engine/test/oracleIRParser.test.ts[2m > [22mOracle IR Parser[2m > [22mfolds impulse cleanup tails into the impulse step for play-this-turn effects
 [2m[90mΓåô[39m[22m rules-engine/test/oracleIRParser.test.ts[2m > [22mOracle IR Parser[2m > [22mprunes standalone madness keyword reminder abilities while keeping the keyword
 [2m[90mΓåô[39m[22m rules-engine/test/oracleIRParser.test.ts[2m > [22mOracle IR Parser[2m > [22mprunes proliferate reminder tails from proliferate keyword lines
 [2m[90mΓåô[39m[22m rules-engine/test/oracleIRParser.test.ts[2m > [22mOracle IR Parser[2m > [22mprunes proliferate reminder tails from inline proliferate clauses
 [2m[90mΓåô[39m[22m rules-engine/test/oracleIRParser.test.ts[2m > [22mOracle IR Parser[2m > [22mprunes split proliferate reminder fragments even when the proliferate clause itself is still unknown
 [2m[90mΓåô[39m[22m rules-engine/test/oracleIRParser.test.ts[2m > [22mOracle IR Parser[2m > [22mprunes standalone spell-cant-be-countered text from Oracle IR
 [2m[90mΓåô[39m[22m rules-engine/test/oracleIRParser.test.ts[2m > [22mOracle IR Parser[2m > [22mprunes token artifact reminder text from create-token steps
 [2m[90mΓåô[39m[22m rules-engine/test/oracleIRParser.test.ts[2m > [22mOracle IR Parser[2m > [22mprunes Eldrazi token mana reminder text from create-token steps
 [2m[90mΓåô[39m[22m rules-engine/test/oracleIRParser.test.ts[2m > [22mOracle IR Parser[2m > [22mprunes plural Eldrazi token mana reminder text from create-token steps
 [2m[90mΓåô[39m[22m rules-engine/test/oracleIRParser.test.ts[2m > [22mOracle IR Parser[2m > [22mprunes decayed reminder sacrifice tails after token creation
 [2m[90mΓåô[39m[22m rules-engine/test/oracleIRParser.test.ts[2m > [22mOracle IR Parser[2m > [22mprunes enchant attachment reminder tails from aura keyword lines
 [2m[90mΓåô[39m[22m rules-engine/test/oracleIRParser.test.ts[2m > [22mOracle IR Parser[2m > [22mprunes plural artifact reminder text from create-token steps
 [2m[90mΓåô[39m[22m rules-engine/test/oracleIRParser.test.ts[2m > [22mOracle IR Parser[2m > [22mprunes clue reminder artifact text from investigate steps
 [2m[90mΓåô[39m[22m rules-engine/test/oracleIRParser.test.ts[2m > [22mOracle IR Parser[2m > [22mprunes clue reminder tails when investigate remains an unknown step
 [2m[90mΓåô[39m[22m rules-engine/test/oracleIRParser.test.ts[2m > [22mOracle IR Parser[2m > [22mprunes split lander token reminder tails from created token abilities
 [2m[90mΓåô[39m[22m rules-engine/test/oracleIRParser.test.ts[2m > [22mOracle IR Parser[2m > [22mprunes full crew reminder-only abilities while keeping the crew keyword
 [2m[90mΓåô[39m[22m rules-engine/test/oracleIRParser.test.ts[2m > [22mOracle IR Parser[2m > [22mprunes bare crew keyword lines while keeping the crew keyword
 [2m[90mΓåô[39m[22m rules-engine/test/oracleIRParser.test.ts[2m > [22mOracle IR Parser[2m > [22mprunes split equipment-vehicle crew reminder fragments while keeping the crew keyword
 [2m[90mΓåô[39m[22m rules-engine/test/oracleIRParser.test.ts[2m > [22mOracle IR Parser[2m > [22mprunes full plot keyword reminder lines while keeping the plot keyword
 [2m[90mΓåô[39m[22m rules-engine/test/oracleIRParser.test.ts[2m > [22mOracle IR Parser[2m > [22mprunes full mutate keyword reminder lines while keeping the mutate keyword
 [2m[90mΓåô[39m[22m rules-engine/test/oracleIRParser.test.ts[2m > [22mOracle IR Parser[2m > [22mprunes live plot reminder wording while keeping the plot keyword
 [2m[90mΓåô[39m[22m rules-engine/test/oracleIRParser.test.ts[2m > [22mOracle IR Parser[2m > [22mprunes live mutate reminder wording while keeping the mutate keyword
 [2m[90mΓåô[39m[22m rules-engine/test/oracleIRParser.test.ts[2m > [22mOracle IR Parser[2m > [22mprunes Choose a Background reminder text from Oracle IR
 [2m[90mΓåô[39m[22m rules-engine/test/oracleIRParser.test.ts[2m > [22mOracle IR Parser[2m > [22mprunes commander-eligibility reminder text from Oracle IR
 [2m[90mΓåô[39m[22m rules-engine/test/oracleIRParser.test.ts[2m > [22mOracle IR Parser[2m > [22mprunes full ascend reminder lines while keeping the ascend keyword
 [2m[90mΓåô[39m[22m rules-engine/test/oracleIRParser.test.ts[2m > [22mOracle IR Parser[2m > [22mprunes full delve reminder lines while keeping the delve keyword
 [2m[90mΓåô[39m[22m rules-engine/test/oracleIRParser.test.ts[2m > [22mOracle IR Parser[2m > [22mprunes full banding reminder lines while keeping the banding keyword
 [2m[90mΓåô[39m[22m rules-engine/test/oracleIRParser.test.ts[2m > [22mOracle IR Parser[2m > [22mprunes full splice reminder lines while keeping the splice keyword
 [2m[90mΓåô[39m[22m rules-engine/test/oracleIRParser.test.ts[2m > [22mOracle IR Parser[2m > [22mprunes full warp reminder lines while keeping the warp keyword
 [2m[90mΓåô[39m[22m rules-engine/test/oracleIRParser.test.ts[2m > [22mOracle IR Parser[2m > [22mparses gain-life triggers that use reference amounts
 [2m[90mΓåô[39m[22m rules-engine/test/oracleIRParser.test.ts[2m > [22mOracle IR Parser[2m > [22mparses damage clauses that use reference amounts
 [2m[90mΓåô[39m[22m rules-engine/test/oracleIRParser.test.ts[2m > [22mOracle IR Parser[2m > [22mprunes clash reminder tails while keeping the clash step
 [2m[90mΓåô[39m[22m rules-engine/test/oracleIRParser.test.ts[2m > [22mOracle IR Parser[2m > [22mabsorbs copy retarget tails into nested copy-spell steps
 [2m[90mΓåô[39m[22m rules-engine/test/oracleIRParser.test.ts[2m > [22mOracle IR Parser[2m > [22mparses create-that-many token clauses as reference amounts
 [2m[90mΓåô[39m[22m rules-engine/test/oracleIRParser.test.ts[2m > [22mOracle IR Parser[2m > [22mparses draw-that-many clauses as reference amounts
 [2m[90mΓåô[39m[22m rules-engine/test/oracleIRParser.test.ts[2m > [22mOracle IR Parser[2m > [22mprunes any-player activation permission tails from parsed activated abilities
 [2m[90mΓåô[39m[22m rules-engine/test/oracleIRParser.test.ts[2m > [22mOracle IR Parser[2m > [22mprunes standalone any-player activation permission abilities
 [2m[90mΓåô[39m[22m rules-engine/test/oracleIRParser.test.ts[2m > [22mOracle IR Parser[2m > [22mprunes threshold activation restriction tails from parsed activated abilities
 [2m[90mΓåô[39m[22m rules-engine/test/oracleIRParser.test.ts[2m > [22mOracle IR Parser[2m > [22mprunes doctor's companion reminder abilities while retaining the keyword
 [2m[90mΓåô[39m[22m rules-engine/test/oracleIRParser.test.ts[2m > [22mOracle IR Parser[2m > [22mprunes evoke reminder abilities while retaining the keyword
 [2m[90mΓåô[39m[22m rules-engine/test/oracleIRParser.test.ts[2m > [22mOracle IR Parser[2m > [22mprunes cascade reminder abilities while retaining the keyword
 [2m[90mΓåô[39m[22m rules-engine/test/oracleIRParser.test.ts[2m > [22mOracle IR Parser[2m > [22mprunes split cascade reminder shards while keeping the duplicate-cascade tail visible
 [2m[90mΓåô[39m[22m rules-engine/test/oracleIRParser.test.ts[2m > [22mOracle IR Parser[2m > [22mkeeps non-cascade cast-without-paying clauses outside reminder cleanup
 [2m[90mΓåô[39m[22m rules-engine/test/oracleIRParser.test.ts[2m > [22mOracle IR Parser[2m > [22mprunes prototype reminder tails while keeping the prototype lead visible
 [2m[90mΓåô[39m[22m rules-engine/test/oracleIRParser.test.ts[2m > [22mOracle IR Parser[2m > [22mprunes backup reminder abilities while retaining the keyword
 [2m[90mΓåô[39m[22m rules-engine/test/oracleIRParser.test.ts[2m > [22mOracle IR Parser[2m > [22mprunes cumulative upkeep reminder abilities while retaining the keyword
 [2m[90mΓåô[39m[22m rules-engine/test/oracleIRParser.test.ts[2m > [22mOracle IR Parser[2m > [22mprunes flanking reminder abilities while retaining the keyword
 [2m[90mΓåô[39m[22m rules-engine/test/oracleIRParser.test.ts[2m > [22mOracle IR Parser[2m > [22mprunes overload reminder abilities while retaining the keyword
 [2m[90mΓåô[39m[22m rules-engine/test/oracleIRParser.test.ts[2m > [22mOracle IR Parser[2m > [22mprunes soulbond reminder abilities while retaining the keyword
 [2m[90mΓåô[39m[22m rules-engine/test/oracleIRParser.test.ts[2m > [22mOracle IR Parser[2m > [22mprunes ward-reminder spell-cant-be-countered variants from Oracle IR
 [2m[90mΓåô[39m[22m rules-engine/test/oracleIRParser.test.ts[2m > [22mOracle IR Parser[2m > [22mprunes clue and once-per-turn reminder tails from live trigger text
 [2m[90mΓåô[39m[22m rules-engine/test/oracleIRParser.test.ts[2m > [22mOracle IR Parser[2m > [22mprunes still-a-land reminder text from Hall of Storm Giants style activations
 [2m[90mΓåô[39m[22m rules-engine/test/oracleIRParser.test.ts[2m > [22mOracle IR Parser[2m > [22mprunes trigger-only-once restriction text from triggered ability steps
 [2m[90mΓåô[39m[22m rules-engine/test/oracleIRParser.test.ts[2m > [22mOracle IR Parser[2m > [22mprunes do-this-only-once-each-turn restriction text from triggered ability steps
 [2m[90mΓåô[39m[22m rules-engine/test/oracleIRParser.test.ts[2m > [22mOracle IR Parser[2m > [22mprunes still-a-land reminder text from activated ability steps
 [2m[90mΓåô[39m[22m rules-engine/test/oracleIRParser.test.ts[2m > [22mOracle IR Parser[2m > [22mprunes old scry 1 reminder fragments when a scry step is already parsed
 [2m[90mΓåô[39m[22m rules-engine/test/oracleIRParser.test.ts[2m > [22mOracle IR Parser[2m > [22mprunes plural scry reminder fragments when a scry step is already parsed
 [2m[90mΓåô[39m[22m rules-engine/test/oracleIRParser.test.ts[2m > [22mOracle IR Parser[2m > [22mprunes short-form plural scry reminder fragments when a scry step is already parsed
 [2m[90mΓåô[39m[22m rules-engine/test/oracleIRParser.test.ts[2m > [22mOracle IR Parser[2m > [22mprunes standalone short-form scry reminder abilities from full card text
 [2m[90mΓåô[39m[22m rules-engine/test/oracleIRParser.test.ts[2m > [22mOracle IR Parser[2m > [22mprunes bestow unattached-creature reminder tails from keyword lines
 [2m[90mΓåô[39m[22m rules-engine/test/oracleIRParser.test.ts[2m > [22mOracle IR Parser[2m > [22mtreats short self enters-tapped artifact text as a replacement ability without unknown steps
 [2m[90mΓåô[39m[22m rules-engine/test/oracleIRParser.test.ts[2m > [22mOracle IR Parser[2m > [22mtreats short self enters-tapped creature text as a replacement ability without unknown steps
 [2m[90mΓåô[39m[22m rules-engine/test/oracleIRParser.test.ts[2m > [22mOracle IR Parser[2m > [22mtreats fastland enters-tapped replacement text as a replacement ability without unknown steps
 [2m[90mΓåô[39m[22m rules-engine/test/oracleIRParser.test.ts[2m > [22mOracle IR Parser[2m > [22mtreats slowland enters-tapped replacement text as a replacement ability without unknown steps
 [2m[90mΓåô[39m[22m rules-engine/test/oracleIRParser.test.ts[2m > [22mOracle IR Parser[2m > [22mprunes champion reminder tails while preserving champion keyword capture
 [2m[90mΓåô[39m[22m rules-engine/test/oracleIRParser.test.ts[2m > [22mOracle IR Parser[2m > [22mlowers self X enters-with-counters replacement text into an add_counter step
 [2m[90mΓåô[39m[22m rules-engine/test/oracleIRParser.test.ts[2m > [22mOracle IR Parser[2m > [22mlowers self numeric enters-with-counters replacement text into an add_counter step
 [2m[90mΓåô[39m[22m rules-engine/test/oracleIRParser.test.ts[2m > [22mOracle IR Parser[2m > [22mlowers kicked self-entry counter replacement text into an add_counter step
 [2m[90mΓåô[39m[22m rules-engine/test/oracleIRParser.test.ts[2m > [22mOracle IR Parser[2m > [22mprunes X cannot be zero reminder tails after parsing the main X effect
 [2m[90mΓåô[39m[22m rules-engine/test/oracleIRParser.test.ts[2m > [22mOracle IR Parser[2m > [22mprunes redundant infect keyword placeholder steps while preserving keyword capture
 [2m[90mΓåô[39m[22m rules-engine/test/oracleIRParser.test.ts[2m > [22mOracle IR Parser[2m > [22mprunes infect reminder-text placeholder steps while preserving keyword capture
 [2m[90mΓåô[39m[22m rules-engine/test/oracleIRParser.test.ts[2m > [22mOracle IR Parser[2m > [22mparses target creature can't block this turn into a cant_block step
 [2m[90mΓåô[39m[22m rules-engine/test/oracleIRParser.test.ts[2m > [22mOracle IR Parser[2m > [22mparses target creature can't attack this turn into a cant_attack step
 [2m[90mΓåô[39m[22m rules-engine/test/oracleIRParser.test.ts[2m > [22mOracle IR Parser[2m > [22mparses enchanted creature can't attack or block into static cant-attack and cant-block steps
 [2m[90mΓåô[39m[22m rules-engine/test/oracleIRParser.test.ts[2m > [22mOracle IR Parser[2m > [22mparses enchanted creature can't attack or block, and its activated abilities can't be activated into three static restriction steps
 [2m[90mΓåô[39m[22m rules-engine/test/oracleIRParser.test.ts[2m > [22mOracle IR Parser[2m > [22mparses creatures you control get +1/+1 until end of turn into a multi-creature modify_pt step
 [2m[90mΓåô[39m[22m rules-engine/test/oracleIRParser.test.ts[2m > [22mOracle IR Parser[2m > [22mparses impulse exile-until when subject is "its controller" (corpus: Transforming Flourish)
 [2m[90mΓåô[39m[22m rules-engine/test/oracleIRParser.test.ts[2m > [22mOracle IR Parser[2m > [22mabsorbs copy retarget tails into nested copy-spell steps
 [2m[90mΓåô[39m[22m rules-engine/test/oracleIRParser.test.ts[2m > [22mOracle IR Parser[2m > [22mparses impulse exile-until when a player exiles a spell then exiles from top (corpus: Possibility Storm)
 [2m[90mΓåô[39m[22m rules-engine/test/oracleIRParser.test.ts[2m > [22mOracle IR Parser[2m > [22mparses impulse exile-top when exile clause uses 'its owner's library' wording (corpus: Dead Man's Chest)
 [2m[90mΓåô[39m[22m rules-engine/test/oracleIRParser.test.ts[2m > [22mOracle IR Parser[2m > [22mparses impulse exile-top when permission says cast spells from among those cards exiled this way
 [2m[90mΓåô[39m[22m rules-engine/test/oracleIRParser.test.ts[2m > [22mOracle IR Parser[2m > [22mparses impulse exile-top with cast-spells-from-among-them this-turn permission
 [2m[90mΓåô[39m[22m rules-engine/test/oracleIRParser.test.ts[2m > [22mOracle IR Parser[2m > [22mparses impulse exile-top with cast-a-spell-from-among-them this-turn permission
 [2m[90mΓåô[39m[22m rules-engine/test/oracleIRParser.test.ts[2m > [22mOracle IR Parser[2m > [22mparses impulse exile-top with cast-spells-from-among-those-exiled-cards this-turn permission
 [2m[90mΓåô[39m[22m rules-engine/test/oracleIRParser.test.ts[2m > [22mOracle IR Parser[2m > [22mparses impulse exile-top with cast-spells-from-among-them until end of turn permission
 [2m[90mΓåô[39m[22m rules-engine/test/oracleIRParser.test.ts[2m > [22mOracle IR Parser[2m > [22mparses impulse exile-top with cast-spells-from-among-those-exiled-cards until end of turn permission
 [2m[90mΓåô[39m[22m rules-engine/test/oracleIRParser.test.ts[2m > [22mOracle IR Parser[2m > [22mparses impulse exile-top with in-clause spend-mana reminder after play permission
 [2m[90mΓåô[39m[22m rules-engine/test/oracleIRParser.test.ts[2m > [22mOracle IR Parser[2m > [22mupgrades each-player exile-top into impulse for "during each player's turn" exiled-with permission (corpus)
 [2m[90mΓåô[39m[22m rules-engine/test/oracleIRParser.test.ts[2m > [22mOracle IR Parser[2m > [22mupgrades upkeep exile-top into impulse for "play lands and cast spells from among cards exiled with this" (corpus)
 [2m[90mΓåô[39m[22m rules-engine/test/oracleIRParser.test.ts[2m > [22mOracle IR Parser[2m > [22mparses impulse exile-top with each-player next-end-step permission
 [2m[90mΓåô[39m[22m rules-engine/test/oracleIRParser.test.ts[2m > [22mOracle IR Parser[2m > [22mparses impulse exile-top with each-opponent subject-order clause
 [2m[90mΓåô[39m[22m rules-engine/test/oracleIRParser.test.ts[2m > [22mOracle IR Parser[2m > [22mparses impulse exile-top when among-clause restricts to an artifact spell (this turn)
 [2m[90mΓåô[39m[22m rules-engine/test/oracleIRParser.test.ts[2m > [22mOracle IR Parser[2m > [22mparses impulse exile-top when among-clause restricts to instant or sorcery (until end of next turn)
 [2m[90mΓåô[39m[22m rules-engine/test/oracleIRParser.test.ts[2m > [22mOracle IR Parser[2m > [22mparses impulse exile-top with until-the-beginning-of-your-next-upkeep duration
 [2m[90mΓåô[39m[22m rules-engine/test/oracleIRParser.test.ts[2m > [22mOracle IR Parser[2m > [22mparses impulse exile-top with immediate cast permission and follow-up if-you-dont clause (Chandra-style)
 [2m[90mΓåô[39m[22m rules-engine/test/oracleIRParser.test.ts[2m > [22mOracle IR Parser[2m > [22mparses impulse exile-top with immediate cast-it permission (no explicit duration)
 [2m[90mΓåô[39m[22m rules-engine/test/oracleIRParser.test.ts[2m > [22mOracle IR Parser[2m > [22mparses impulse exile-top with immediate cast-it without-paying-mana-cost permission plus trailing if restriction
 [2m[90mΓåô[39m[22m rules-engine/test/oracleIRParser.test.ts[2m > [22mOracle IR Parser[2m > [22mparses impulse exile-top with up-to-two limit in permission clause
 [2m[90mΓåô[39m[22m rules-engine/test/oracleIRParser.test.ts[2m > [22mOracle IR Parser[2m > [22mparses impulse exile-top with one-of limit in permission clause
 [2m[90mΓåô[39m[22m rules-engine/test/oracleIRParser.test.ts[2m > [22mOracle IR Parser[2m > [22mparses impulse exile-top with one-of limit in cast permission clause
 [2m[90mΓåô[39m[22m rules-engine/test/oracleIRParser.test.ts[2m > [22mOracle IR Parser[2m > [22mparses impulse exile-top with "you may play them until the end of your next turn" wording
 [2m[90mΓåô[39m[22m rules-engine/test/oracleIRParser.test.ts[2m > [22mOracle IR Parser[2m > [22mparses impulse exile-top with "until the end of your next turn, you may play them" wording
 [2m[90mΓåô[39m[22m rules-engine/test/oracleIRParser.test.ts[2m > [22mOracle IR Parser[2m > [22mparses impulse exile-top with "you may play those cards this turn" wording
 [2m[90mΓåô[39m[22m rules-engine/test/oracleIRParser.test.ts[2m > [22mOracle IR Parser[2m > [22mparses impulse exile-top with "you may play it this turn" wording
 [2m[90mΓåô[39m[22m rules-engine/test/oracleIRParser.test.ts[2m > [22mOracle IR Parser[2m > [22mparses impulse exile-top with "you may play them this turn" wording
 [2m[90mΓåô[39m[22m rules-engine/test/oracleIRParser.test.ts[2m > [22mOracle IR Parser[2m > [22mparses impulse exile-top with "you may play them until end of turn" wording
 [2m[90mΓåô[39m[22m rules-engine/test/oracleIRParser.test.ts[2m > [22mOracle IR Parser[2m > [22mparses impulse exile-top with "until your next turn, you may play those cards" wording
 [2m[90mΓåô[39m[22m rules-engine/test/oracleIRParser.test.ts[2m > [22mOracle IR Parser[2m > [22mparses impulse exile-top with "you may cast it this turn" wording
 [2m[90mΓåô[39m[22m rules-engine/test/oracleIRParser.test.ts[2m > [22mOracle IR Parser[2m > [22mparses impulse exile-top with "you can cast it this turn" wording
 [2m[90mΓåô[39m[22m rules-engine/test/oracleIRParser.test.ts[2m > [22mOracle IR Parser[2m > [22mparses impulse exile-top with "until the end of your next turn, you may cast that card" wording
 [2m[90mΓåô[39m[22m rules-engine/test/oracleIRParser.test.ts[2m > [22mOracle IR Parser[2m > [22mparses impulse exile-top with next-turn cast + mana-rider wording
 [2m[90mΓåô[39m[22m rules-engine/test/oracleIRParser.test.ts[2m > [22mOracle IR Parser[2m > [22mparses impulse exile-top referencing cards exiled this way
 [2m[90mΓåô[39m[22m rules-engine/test/oracleIRParser.test.ts[2m > [22mOracle IR Parser[2m > [22mparses impulse exile-top referencing the card exiled this way
 [2m[90mΓåô[39m[22m rules-engine/test/oracleIRParser.test.ts[2m > [22mOracle IR Parser[2m > [22mparses impulse exile-top with a without-paying-mana-cost suffix
 [2m[90mΓåô[39m[22m rules-engine/test/oracleIRParser.test.ts[2m > [22mOracle IR Parser[2m > [22mparses impulse exile-top with without-paying-that-spell's-mana-cost suffix
 [2m[90mΓåô[39m[22m rules-engine/test/oracleIRParser.test.ts[2m > [22mOracle IR Parser[2m > [22mparses impulse exile-top with without-paying-that-spellΓÇÖs-mana-cost suffix (curly apostrophe)
 [2m[90mΓåô[39m[22m rules-engine/test/oracleIRParser.test.ts[2m > [22mOracle IR Parser[2m > [22mparses impulse exile-top with without-paying-those-spells'-mana-costs suffix
 [2m[90mΓåô[39m[22m rules-engine/test/oracleIRParser.test.ts[2m > [22mOracle IR Parser[2m > [22mparses impulse exile-top when among-clause says until the end of this turn
 [2m[90mΓåô[39m[22m rules-engine/test/oracleIRParser.test.ts[2m > [22mOracle IR Parser[2m > [22mparses impulse exile-top when among-clause is leading until the end of this turn
 [2m[90mΓåô[39m[22m rules-engine/test/oracleIRParser.test.ts[2m > [22mOracle IR Parser[2m > [22mparses impulse exile-top when among-clause says play lands and cast spells until the end of this turn
 [2m[90mΓåô[39m[22m rules-engine/test/oracleIRParser.test.ts[2m > [22mOracle IR Parser[2m > [22mparses impulse exile-top when among-clause is leading until the end of this turn for play lands and cast spells
 [2m[90mΓåô[39m[22m rules-engine/test/oracleIRParser.test.ts[2m > [22mOracle IR Parser[2m > [22mparses impulse exile-top when among-clause says cast spells through end of turn
 [2m[90mΓåô[39m[22m rules-engine/test/oracleIRParser.test.ts[2m > [22mOracle IR Parser[2m > [22mparses impulse exile-top when among-clause is leading through the end of this turn (cast spells)
 [2m[90mΓåô[39m[22m rules-engine/test/oracleIRParser.test.ts[2m > [22mOracle IR Parser[2m > [22mparses impulse exile-top when among-clause says play lands and cast spells through the end of turn
 [2m[90mΓåô[39m[22m rules-engine/test/oracleIRParser.test.ts[2m > [22mOracle IR Parser[2m > [22mparses impulse exile-top when among-clause is leading through end of this turn (play lands and cast spells)
 [2m[90mΓåô[39m[22m rules-engine/test/oracleIRParser.test.ts[2m > [22mOracle IR Parser[2m > [22mparses impulse exile-top when permission is during your next turn
 [2m[90mΓåô[39m[22m rules-engine/test/oracleIRParser.test.ts[2m > [22mOracle IR Parser[2m > [22mparses impulse exile-top when next-turn permission has a trailing if restriction
 [2m[90mΓåô[39m[22m rules-engine/test/oracleIRParser.test.ts[2m > [22mOracle IR Parser[2m > [22mparses impulse exile-top when leading remains-exiled permission has a trailing if restriction
 [2m[90mΓåô[39m[22m rules-engine/test/oracleIRParser.test.ts[2m > [22mOracle IR Parser[2m > [22mparses impulse exile-top with remains-exiled permission
 [2m[90mΓåô[39m[22m rules-engine/test/oracleIRParser.test.ts[2m > [22mOracle IR Parser[2m > [22mparses impulse exile-top with "as long as" remains-exiled permission
 [2m[90mΓåô[39m[22m rules-engine/test/oracleIRParser.test.ts[2m > [22mOracle IR Parser[2m > [22mparses impulse exile-top when remains-exiled permission is leading (and has a trailing if restriction)
 [2m[90mΓåô[39m[22m rules-engine/test/oracleIRParser.test.ts[2m > [22mOracle IR Parser[2m > [22mparses impulse exile-top with "until the end of the turn" phrasing
 [2m[90mΓåô[39m[22m rules-engine/test/oracleIRParser.test.ts[2m > [22mOracle IR Parser[2m > [22mparses impulse exile-top with "until the end of this turn" phrasing
 [2m[90mΓåô[39m[22m rules-engine/test/oracleIRParser.test.ts[2m > [22mOracle IR Parser[2m > [22mparses impulse exile-top with "until the end of that turn" phrasing
 [2m[90mΓåô[39m[22m rules-engine/test/oracleIRParser.test.ts[2m > [22mOracle IR Parser[2m > [22mparses impulse exile-top with "until the end of that turn" phrasing (trailing)
 [2m[90mΓåô[39m[22m rules-engine/test/oracleIRParser.test.ts[2m > [22mOracle IR Parser[2m > [22mparses impulse exile-top with "until the end of this turn" phrasing (trailing)
 [2m[90mΓåô[39m[22m rules-engine/test/oracleIRParser.test.ts[2m > [22mOracle IR Parser[2m > [22mparses impulse exile-top with "through end of turn" phrasing (trailing)
 [2m[90mΓåô[39m[22m rules-engine/test/oracleIRParser.test.ts[2m > [22mOracle IR Parser[2m > [22mparses impulse exile-top with "through end of this turn" phrasing (trailing)
 [2m[90mΓåô[39m[22m rules-engine/test/oracleIRParser.test.ts[2m > [22mOracle IR Parser[2m > [22mparses impulse exile-top with "through end of next turn" phrasing (trailing)
 [2m[90mΓåô[39m[22m rules-engine/test/oracleIRParser.test.ts[2m > [22mOracle IR Parser[2m > [22mparses impulse exile-top with "through the end of turn" phrasing (trailing)
 [2m[90mΓåô[39m[22m rules-engine/test/oracleIRParser.test.ts[2m > [22mOracle IR Parser[2m > [22mparses impulse exile-top with "through the end of this turn" phrasing (trailing)
 [2m[90mΓåô[39m[22m rules-engine/test/oracleIRParser.test.ts[2m > [22mOracle IR Parser[2m > [22mparses impulse exile-top with "through the end of next turn" phrasing (trailing)
 [2m[90mΓåô[39m[22m rules-engine/test/oracleIRParser.test.ts[2m > [22mOracle IR Parser[2m > [22mparses conditional impulse (nonland cast this turn)
 [2m[90mΓåô[39m[22m rules-engine/test/oracleIRParser.test.ts[2m > [22mOracle IR Parser[2m > [22mparses conditional impulse (red cast until end of next turn)
 [2m[90mΓåô[39m[22m rules-engine/test/oracleIRParser.test.ts[2m > [22mOracle IR Parser[2m > [22mparses conditional impulse variant (that card is red)
 [2m[90mΓåô[39m[22m rules-engine/test/oracleIRParser.test.ts[2m > [22mOracle IR Parser[2m > [22mparses conditional impulse variant (the exiled card is a nonland card)
 [2m[90mΓåô[39m[22m rules-engine/test/oracleIRParser.test.ts[2m > [22mOracle IR Parser[2m > [22mparses conditional impulse plural variant (they're nonland cards)
 [2m[90mΓåô[39m[22m rules-engine/test/oracleIRParser.test.ts[2m > [22mOracle IR Parser[2m > [22mparses conditional impulse with an unmodeled predicate by ignoring the condition
 [2m[90mΓåô[39m[22m rules-engine/test/oracleIRParser.test.ts[2m > [22mOracle IR Parser[2m > [22mparses impulse with fallback permission clause prefixed by 'If you don't cast it this way'
 [2m[90mΓåô[39m[22m rules-engine/test/oracleIRParser.test.ts[2m > [22mOracle IR Parser[2m > [22mparses impulse exile-top inside a modal bullet list (Riku of Many Paths template)
 [2m[90mΓåô[39m[22m rules-engine/test/oracleIRParser.test.ts[2m > [22mOracle IR Parser[2m > [22mparses temporary evasion text such as Bright-Palm follow-up clauses
 [2m[90mΓåô[39m[22m rules-engine/test/oracleIRParser.test.ts[2m > [22mOracle IR Parser[2m > [22msplits combined temporary keyword and unblockable clauses
 [2m[90mΓåô[39m[22m rules-engine/test/oracleIRParser.test.ts[2m > [22mOracle IR Parser[2m > [22mparses impulse exile-top inside a modal bullet list for an activated ability
 [2m[90mΓåô[39m[22m rules-engine/test/oracleIRParser.test.ts[2m > [22mOracle IR Parser[2m > [22mmarks "You may" clauses as optional
 [2m[90mΓåô[39m[22m rules-engine/test/oracleIRParser.test.ts[2m > [22mOracle IR Parser[2m > [22mparses face-down exile with combined look-and-play permission
 [2m[90mΓåô[39m[22m rules-engine/test/oracleIRParser.test.ts[2m > [22mOracle IR Parser[2m > [22mparses face-down impulse with look reminder + until-your-next-turn permission (corpus)
 [2m[90mΓåô[39m[22m rules-engine/test/oracleIRParser.test.ts[2m > [22mOracle IR Parser[2m > [22mparses face-down exile with combined look-and-play remains-exiled permission
 [2m[90mΓåô[39m[22m rules-engine/test/oracleIRParser.test.ts[2m > [22mOracle IR Parser[2m > [22mparses target-opponent face-down impulse with remains-exiled permission
 [2m[90mΓåô[39m[22m rules-engine/test/oracleIRParser.test.ts[2m > [22mOracle IR Parser[2m > [22mparses look-then-exile face-down impulse (your library)
 [2m[90mΓåô[39m[22m rules-engine/test/oracleIRParser.test.ts[2m > [22mOracle IR Parser[2m > [22mparses standalone look-top informational clauses
 [2m[90mΓåô[39m[22m rules-engine/test/oracleIRParser.test.ts[2m > [22mOracle IR Parser[2m > [22mparses optional standalone look-top informational clauses
 [2m[90mΓåô[39m[22m rules-engine/test/oracleIRParser.test.ts[2m > [22mOracle IR Parser[2m > [22mparses kinship reveal gates into a nested reveal-top conditional
 [2m[90mΓåô[39m[22m rules-engine/test/oracleIRParser.test.ts[2m > [22mOracle IR Parser[2m > [22mprunes trailing top-of-library reorder clauses after look-top parsing
 [2m[90mΓåô[39m[22m rules-engine/test/oracleIRParser.test.ts[2m > [22mOracle IR Parser[2m > [22mparses standalone reveal-top informational clauses
 [2m[90mΓåô[39m[22m rules-engine/test/oracleIRParser.test.ts[2m > [22mOracle IR Parser[2m > [22mparses then-prefixed standalone reveal-top informational clauses
 [2m[90mΓåô[39m[22m rules-engine/test/oracleIRParser.test.ts[2m > [22mOracle IR Parser[2m > [22mparses each-player reveal-top informational clauses
 [2m[90mΓåô[39m[22m rules-engine/test/oracleIRParser.test.ts[2m > [22mOracle IR Parser[2m > [22mrewrites immediate top-card follow-up move references after look-top parsing
 [2m[90mΓåô[39m[22m rules-engine/test/oracleIRParser.test.ts[2m > [22mOracle IR Parser[2m > [22mparses add-those-cards-to-your-hand into a contextual move_zone step
 [2m[90mΓåô[39m[22m rules-engine/test/oracleIRParser.test.ts[2m > [22mOracle IR Parser[2m > [22mparses look-then-exile face-down impulse (that player's library)
 [2m[90mΓåô[39m[22m rules-engine/test/oracleIRParser.test.ts[2m > [22mOracle IR Parser[2m > [22mparses look-then-exile face-down impulse (their library)
 [2m[90mΓåô[39m[22m rules-engine/test/oracleIRParser.test.ts[2m > [22mOracle IR Parser[2m > [22mparses look-then-exile face-down impulse (those opponents' libraries alias)
 [2m[90mΓåô[39m[22m rules-engine/test/oracleIRParser.test.ts[2m > [22mOracle IR Parser[2m > [22mparses split-clause look-then-exile face-down impulse (those opponents' libraries alias)
 [2m[90mΓåô[39m[22m rules-engine/test/oracleIRParser.test.ts[2m > [22mOracle IR Parser[2m > [22mparses split-clause look-top-two then exile-those-cards face-down impulse
 [2m[90mΓåô[39m[22m rules-engine/test/oracleIRParser.test.ts[2m > [22mOracle IR Parser[2m > [22mparses split-clause look-top-two then exile-those-cards impulse (no face down)
 [2m[90mΓåô[39m[22m rules-engine/test/oracleIRParser.test.ts[2m > [22mOracle IR Parser[2m > [22mparses standalone split-clause look-top-two then exile-those-cards face-down exile_top
 [2m[90mΓåô[39m[22m rules-engine/test/oracleIRParser.test.ts[2m > [22mOracle IR Parser[2m > [22mparses standalone split-clause look-top-two then exile-those-cards exile_top (no face down)
 [2m[90mΓåô[39m[22m rules-engine/test/oracleIRParser.test.ts[2m > [22mOracle IR Parser[2m > [22mparses combined look+exile face-down impulse (each opponent)
 [2m[90mΓåô[39m[22m rules-engine/test/oracleIRParser.test.ts[2m > [22mOracle IR Parser[2m > [22mparses combined look+exile face-down impulse (those opponents' libraries alias)
 [2m[90mΓåô[39m[22m rules-engine/test/oracleIRParser.test.ts[2m > [22mOracle IR Parser[2m > [22mparses combined look+exile impulse (no face down)
 [2m[90mΓåô[39m[22m rules-engine/test/oracleIRParser.test.ts[2m > [22mOracle IR Parser[2m > [22mparses standalone look+exile face-down exile_top (those opponents' libraries alias)
 [2m[90mΓåô[39m[22m rules-engine/test/oracleIRParser.test.ts[2m > [22mOracle IR Parser[2m > [22mparses standalone look+exile exile_top (no face down, those opponents' libraries alias)
 [2m[90mΓåô[39m[22m rules-engine/test/oracleIRParser.test.ts[2m > [22mOracle IR Parser[2m > [22mparses combined look+exile face-down impulse (target opponent, top two)
 [2m[90mΓåô[39m[22m rules-engine/test/oracleIRParser.test.ts[2m > [22mOracle IR Parser[2m > [22mparses combined look+exile face-down impulse when look clause is prefixed by 'then' (that player's library)
 [2m[90mΓåô[39m[22m rules-engine/test/oracleIRParser.test.ts[2m > [22mOracle IR Parser[2m > [22mparses combined look+exile face-down impulse with cast + mana-rider (that player's library)
 [2m[90mΓåô[39m[22m rules-engine/test/oracleIRParser.test.ts[2m > [22mOracle IR Parser[2m > [22mparses combined look+exile face-down impulse with play + mana-rider (that player's library)
 [2m[90mΓåô[39m[22m rules-engine/test/oracleIRParser.test.ts[2m > [22mOracle IR Parser[2m > [22mparses Gonti-Night-Minister-style look-then-exile play+rider sentence
 [2m[90mΓåô[39m[22m rules-engine/test/oracleIRParser.test.ts[2m > [22mOracle IR Parser[2m > [22mparses Thought-String-Analyst-style singular look+play remains-exiled mana-rider text
 [2m[90mΓåô[39m[22m rules-engine/test/oracleIRParser.test.ts[2m > [22mOracle IR Parser[2m > [22mparses impulse with variable exile amount "a number of ... equal to ..." and a choose-card clause
 [2m[90mΓåô[39m[22m rules-engine/test/oracleIRParser.test.ts[2m > [22mOracle IR Parser[2m > [22mparses conditional impulse permission "During any turn you attacked with a commander" (corpus)
 [2m[90mΓåô[39m[22m rules-engine/test/oracleIRParser.test.ts[2m > [22mOracle IR Parser[2m > [22mparses conditional impulse permission "During any turn you attacked with a Rogue" with trigger/if-prefixed exile seed (corpus)
 [2m[90mΓåô[39m[22m rules-engine/test/oracleIRParser.test.ts[2m > [22mOracle IR Parser[2m > [22mparses Veinwitch Coven payment-gated graveyard return as pay_mana plus conditional move
 [2m[90mΓåô[39m[22m rules-engine/test/oracleIRParser.test.ts[2m > [22mOracle IR Parser[2m > [22mparses Genesis payment-gated graveyard return as pay_mana plus conditional move
 [2m[90mΓåô[39m[22m rules-engine/test/oracleIRParser.test.ts[2m > [22mOracle IR Parser[2m > [22mparses Nim Deathmantle as pay_mana plus conditional move-and-attach sequence
 [2m[90mΓåô[39m[22m rules-engine/test/oracleIRParser.test.ts[2m > [22mOracle IR Parser[2m > [22mparses Athreos, God of Passage as an unless-pays-life wrapper around the return step
 [2m[90mΓåô[39m[22m rules-engine/test/oracleIRParser.test.ts[2m > [22mOracle IR Parser[2m > [22mparses Gift of Immortality as immediate return plus delayed self-reattach
 [2m[90mΓåô[39m[22m rules-engine/test/oracleIRParser.test.ts[2m > [22mOracle IR Parser[2m > [22mparses Molten Firebird as delayed return plus skip-your-next-draw-step
 [2m[90mΓåô[39m[22m rules-engine/test/oracleIRParser.test.ts[2m > [22mOracle IR Parser[2m > [22mparses additional combat phase clauses into typed IR steps
 [2m[90mΓåô[39m[22m rules-engine/test/oracleIRParser.test.ts[2m > [22mOracle IR Parser[2m > [22mparses Oathkeeper, Takeno's Daisho as a conditional Samurai return
 [2m[90mΓåô[39m[22m rules-engine/test/oracleIRParser.test.ts[2m > [22mOracle IR Parser[2m > [22mparses Edea, Possessed Sorceress as return plus draw followup
 [2m[90mΓåô[39m[22m rules-engine/test/oracleIRParser.test.ts[2m > [22mOracle IR Parser[2m > [22mparses Skullwinder as return, choose_opponent, then opponent graveyard return
 [2m[90mΓåô[39m[22m rules-engine/test/oracleIRParser.test.ts[2m > [22mOracle IR Parser[2m > [22mparses Court of Ardenvale monarchy branch as optional conditional hand-to-battlefield move
 [2m[90mΓåô[39m[22m rules-engine/test/oracleIRParser.test.ts[2m > [22mOracle IR Parser[2m > [22mparses Volcanic Vision as return, damage by returned card mana value, then self-exile
 [2m[90mΓåô[39m[22m rules-engine/test/oracleIRParser.test.ts[2m > [22mOracle IR Parser[2m > [22mparses Golbez, Crystal Collector as return plus returned-card power life-loss rider
 [2m[90mΓåô[39m[22m rules-engine/test/oracleIRParser.test.ts[2m > [22mOracle IR Parser[2m > [22mparses Peerless Recycling gift branch as a conditional second graveyard return
 [2m[90mΓåô[39m[22m rules-engine/test/oracleIRParser.test.ts[2m > [22mOracle IR Parser[2m > [22msplits Reconstruct History into differentiated up-to-one graveyard return steps plus self-exile
 [2m[90mΓåô[39m[22m rules-engine/test/oracleIRParser.test.ts[2m > [22mOracle IR Parser[2m > [22mparses Awaken the Honored Dead discard gate as optional discard plus conditional reanimation
 [2m[90mΓåô[39m[22m rules-engine/test/oracleIRParser.test.ts[2m > [22mOracle IR Parser[2m > [22mpreserves Grave Venerations intervening-if as a top-level conditional wrapper
 [2m[90mΓåô[39m[22m rules-engine/test/oracleIRParser.test.ts[2m > [22mOracle IR Parser[2m > [22mpreserves Aerith, Last Ancient intervening-if around its return and battlefield-upgrade branch
 [2m[90mΓåô[39m[22m rules-engine/test/oracleIRParser.test.ts[2m > [22mOracle IR Parser[2m > [22mparses Planewide Celebration as a repeatable choose-four modal block
 [2m[90mΓåô[39m[22m rules-engine/test/oracleIRParser.test.ts[2m > [22mOracle IR Parser[2m > [22mparses Aid the Fallen as a choose-one-or-both modal block
 [2m[90mΓåô[39m[22m rules-engine/test/oracleIRParser.test.ts[2m > [22mOracle IR Parser[2m > [22mparses Stitch Together threshold text as a conditional battlefield upgrade
 [2m[90mΓåô[39m[22m rules-engine/test/oracleIRParser.test.ts[2m > [22mOracle IR Parser[2m > [22mparses Emeria Shepherd plains upgrade effect text as a conditional battlefield return
 [2m[90mΓåô[39m[22m rules-engine/test/oracleIRParser.test.ts[2m > [22mOracle IR Parser[2m > [22mparses Builder's Talent noncreature nonland graveyard return as a move-zone selector
 [2m[90mΓåô[39m[22m rules-engine/test/oracleIRParser.test.ts[2m > [22mOracle IR Parser[2m > [22mparses Not Dead After All as a temporary dies trigger grant
 [2m[90mΓåô[39m[22m rules-engine/test/oracleIRParser.test.ts[2m > [22mOracle IR Parser[2m > [22mparses Infuse with Vitality as a temporary dies trigger grant plus life gain
 [2m[90mΓåô[39m[22m rules-engine/test/oracleIRParser.test.ts[2m > [22mOracle IR Parser[2m > [22mparses Pain 101 as a temporary dies trigger grant despite the preceding deathtouch grant
 [2m[90mΓåô[39m[22m rules-engine/test/oracleIRParser.test.ts[2m > [22mOracle IR Parser[2m > [22mparses Verdant Rebirth as a dies trigger grant plus draw despite sharing a line
 [2m[90mΓåô[39m[22m rules-engine/test/oracleIRParser.test.ts[2m > [22mOracle IR Parser[2m > [22mparses Flame-Wreathed Phoenix as a conditional self dies trigger grant behind haste
 [2m[90mΓåô[39m[22m rules-engine/test/oracleIRParser.test.ts[2m > [22mOracle IR Parser[2m > [22mparses Molten Firebird as a delayed return plus skip-next-draw-step trigger
 [2m[90mΓåô[39m[22m rules-engine/test/oracleIRParser.test.ts[2m > [22mOracle IR Parser[2m > [22mparses static skip-your-draw-step text into a draw-skip step
 [2m[90mΓåô[39m[22m rules-engine/test/oracleIRParser.test.ts[2m > [22mOracle IR Parser[2m > [22mparses temporary no-defender attack permissions into temporary ability steps
 [2m[90mΓåô[39m[22m rules-engine/test/oracleIRParser.test.ts[2m > [22mOracle IR Parser[2m > [22mdoes not misclassify Shade's Form granted quote as an activated IR ability
 [2m[90mΓåô[39m[22m rules-engine/test/oracleIRParser.test.ts[2m > [22mOracle IR Parser[2m > [22mparses Presumed Dead as a pump plus temporary dies trigger grant with a suspect follow-up
 [2m[90mΓåô[39m[22m rules-engine/test/oracleIRParser.test.ts[2m > [22mOracle IR Parser[2m > [22mparses Perigee Beckoner as a triggered pump plus temporary dies trigger grant
 [2m[90mΓåô[39m[22m rules-engine/test/oracleIRParser.test.ts[2m > [22mOracle IR Parser[2m > [22mparses Pharika, God of Affliction as a single activated exile-plus-owner-token ability
 [2m[90mΓåô[39m[22m rules-engine/test/oracleIRParser.test.ts[2m > [22mOracle IR Parser[2m > [22mparses Funeral Pyre as exile followed by owner-controlled token creation in one ability
 [2m[90mΓåô[39m[22m rules-engine/test/oracleIRParser.test.ts[2m > [22mOracle IR Parser[2m > [22mparses Oskar, Rubbish Reclaimer as a graveyard-cast permission step
 [2m[90mΓåô[39m[22m rules-engine/test/oracleIRParser.test.ts[2m > [22mOracle IR Parser[2m > [22mparses Skyclave Shade landfall text as a triggered graveyard-cast permission step
 [2m[90mΓåô[39m[22m rules-engine/test/oracleIRParser.test.ts[2m > [22mOracle IR Parser[2m > [22mparses parenthetical escape-style graveyard permissions like Confession Dial
 [2m[90mΓåô[39m[22m rules-engine/test/oracleIRParser.test.ts[2m > [22mOracle IR Parser[2m > [22mparses flashback keyword lines like Faithless Looting into graveyard-cast permission steps
 [2m[90mΓåô[39m[22m rules-engine/test/oracleIRParser.test.ts[2m > [22mOracle IR Parser[2m > [22mparses reminder-bearing flashback keyword lines like Bulk Up into graveyard cast-cost metadata
 [2m[90mΓåô[39m[22m rules-engine/test/oracleIRParser.test.ts[2m > [22mOracle IR Parser[2m > [22mparses Unearth reminder text into self-return plus delayed exile and leave-battlefield replacement
 [2m[90mΓåô[39m[22m rules-engine/test/oracleIRParser.test.ts[2m > [22mOracle IR Parser[2m > [22mparses bare Unearth keyword lines without reminder text
 [2m[90mΓåô[39m[22m rules-engine/test/oracleIRParser.test.ts[2m > [22mOracle IR Parser[2m > [22mparses Transmute keyword lines into a reusable library-search step
 [2m[90mΓåô[39m[22m rules-engine/test/oracleIRParser.test.ts[2m > [22mOracle IR Parser[2m > [22mparses Basic landcycling keyword lines into a reusable library-search step
 [2m[90mΓåô[39m[22m rules-engine/test/oracleIRParser.test.ts[2m > [22mOracle IR Parser[2m > [22mparses land-type cycling keyword lines into a subtype library-search step
 [2m[90mΓåô[39m[22m rules-engine/test/oracleIRParser.test.ts[2m > [22mOracle IR Parser[2m > [22mparses subtypecycling keyword lines into a typed library-search step
 [2m[90mΓåô[39m[22m rules-engine/test/oracleIRParser.test.ts[2m > [22mOracle IR Parser[2m > [22mmerges optional search-to-hand plus trailing shuffle into a single search_library step
 [2m[90mΓåô[39m[22m rules-engine/test/oracleIRParser.test.ts[2m > [22mOracle IR Parser[2m > [22mparses Transfigure keyword lines into a battlefield tutor step with a creature filter
 [2m[90mΓåô[39m[22m rules-engine/test/oracleIRParser.test.ts[2m > [22mOracle IR Parser[2m > [22mparses Encore keyword lines into exile-plus-copy-token-per-opponent steps
 [2m[90mΓåô[39m[22m rules-engine/test/oracleIRParser.test.ts[2m > [22mOracle IR Parser[2m > [22mparses Myriad keyword lines into an attacks trigger that copies for each other opponent
 [2m[90mΓåô[39m[22m rules-engine/test/oracleIRParser.test.ts[2m > [22mOracle IR Parser[2m > [22mparses Annihilator keyword lines into an attacks trigger that sacrifices permanents
 [2m[90mΓåô[39m[22m rules-engine/test/oracleIRParser.test.ts[2m > [22mOracle IR Parser[2m > [22mparses Afterlife keyword lines into a dies trigger that creates Spirit tokens
 [2m[90mΓåô[39m[22m rules-engine/test/oracleIRParser.test.ts[2m > [22mOracle IR Parser[2m > [22mparses Afflict keyword lines into a becomes-blocked trigger that drains the defending player
 [2m[90mΓåô[39m[22m rules-engine/test/oracleIRParser.test.ts[2m > [22mOracle IR Parser[2m > [22mparses Renown keyword lines into a combat-damage trigger with a renowned gate and marker step
 [2m[90mΓåô[39m[22m rules-engine/test/oracleIRParser.test.ts[2m > [22mOracle IR Parser[2m > [22mparses Ingest keyword lines into a combat-damage trigger that exiles from that player
 [2m[90mΓåô[39m[22m rules-engine/test/oracleIRParser.test.ts[2m > [22mOracle IR Parser[2m > [22mparses Poisonous keyword lines into a combat-damage trigger that gives that player poison counters
 [2m[90mΓåô[39m[22m rules-engine/test/oracleIRParser.test.ts[2m > [22mOracle IR Parser[2m > [22mparses energy-counter shorthand clauses into add_player_counter steps
 [2m[90mΓåô[39m[22m rules-engine/test/oracleIRParser.test.ts[2m > [22mOracle IR Parser[2m > [22mparses Fabricate keyword lines into a self-ETB trigger with counters plus a Servo fallback
 [2m[90mΓåô[39m[22m rules-engine/test/oracleIRParser.test.ts[2m > [22mOracle IR Parser[2m > [22mparses Storm keyword lines into a self-cast trigger that copies this spell by storm count
 [2m[90mΓåô[39m[22m rules-engine/test/oracleIRParser.test.ts[2m > [22mOracle IR Parser[2m > [22mparses League Guildmage spell-copy activations into targeted copy_spell steps
 [2m[90mΓåô[39m[22m rules-engine/test/oracleIRParser.test.ts[2m > [22mOracle IR Parser[2m > [22mparses bare target-spell copy lines into copy_spell steps with retarget support
 [2m[90mΓåô[39m[22m rules-engine/test/oracleIRParser.test.ts[2m > [22mOracle IR Parser[2m > [22mparses Melek, Izzet Paragon copy-it triggers into target_spell copy steps
 [2m[90mΓåô[39m[22m rules-engine/test/oracleIRParser.test.ts[2m > [22mOracle IR Parser[2m > [22mprunes top-of-library reveal lines that are handled externally while keeping the remaining Melek abilities
 [2m[90mΓåô[39m[22m rules-engine/test/oracleIRParser.test.ts[2m > [22mOracle IR Parser[2m > [22mprunes standalone draft-face-up setup text while keeping Deal Broker's in-game activated ability
 [2m[90mΓåô[39m[22m rules-engine/test/oracleIRParser.test.ts[2m > [22mOracle IR Parser[2m > [22mprunes deck-construction text while keeping Relentless Rats gameplay text
 [2m[90mΓåô[39m[22m rules-engine/test/oracleIRParser.test.ts[2m > [22mOracle IR Parser[2m > [22mprunes Read Ahead reminder text while keeping saga chapters
 [2m[90mΓåô[39m[22m rules-engine/test/oracleIRParser.test.ts[2m > [22mOracle IR Parser[2m > [22mprunes ante pregame text while keeping gameplay text
 [2m[90mΓåô[39m[22m rules-engine/test/oracleIRParser.test.ts[2m > [22mOracle IR Parser[2m > [22mprunes Chancellor opening-hand reveal text while keeping battlefield abilities
 [2m[90mΓåô[39m[22m rules-engine/test/oracleIRParser.test.ts[2m > [22mOracle IR Parser[2m > [22mprunes Ready to run commander setup text from Oracle IR
 [2m[90mΓåô[39m[22m rules-engine/test/oracleIRParser.test.ts[2m > [22mOracle IR Parser[2m > [22mprunes Entwine reminder text while keeping the modal spell body
 [2m[90mΓåô[39m[22m rules-engine/test/oracleIRParser.test.ts[2m > [22mOracle IR Parser[2m > [22mprunes Sunburst reminder text while keeping the keyword
 [2m[90mΓåô[39m[22m rules-engine/test/oracleIRParser.test.ts[2m > [22mOracle IR Parser[2m > [22mprunes Banding reminder text while keeping the keyword
 [2m[90mΓåô[39m[22m rules-engine/test/oracleIRParser.test.ts[2m > [22mOracle IR Parser[2m > [22mprunes Devour reminder text while keeping other gameplay text
 [2m[90mΓåô[39m[22m rules-engine/test/oracleIRParser.test.ts[2m > [22mOracle IR Parser[2m > [22mprunes daybound bootstrap reminder text while keeping the triggered ability
 [2m[90mΓåô[39m[22m rules-engine/test/oracleIRParser.test.ts[2m > [22mOracle IR Parser[2m > [22mmerges copy-ability retarget tails onto the primary unknown step
 [2m[90mΓåô[39m[22m rules-engine/test/oracleIRParser.test.ts[2m > [22mOracle IR Parser[2m > [22mmerges retarget tails onto spell-or-ability copy clauses
 [2m[90mΓåô[39m[22m rules-engine/test/oracleIRParser.test.ts[2m > [22mOracle IR Parser[2m > [22mmerges retarget tails onto deferred next-spell copy clauses
 [2m[90mΓåô[39m[22m rules-engine/test/oracleIRParser.test.ts[2m > [22mOracle IR Parser[2m > [22mmerges retarget tails onto when-you-next-cast copy-that-spell clauses
 [2m[90mΓåô[39m[22m rules-engine/test/oracleIRParser.test.ts[2m > [22mOracle IR Parser[2m > [22mmerges retarget tails onto chapter-prefixed whenever-cast copy clauses
 [2m[90mΓåô[39m[22m rules-engine/test/oracleIRParser.test.ts[2m > [22mOracle IR Parser[2m > [22mmerges retarget tails onto die-roll result copy clauses
 [2m[90mΓåô[39m[22m rules-engine/test/oracleIRParser.test.ts[2m > [22mOracle IR Parser[2m > [22mmerges retarget tails onto spree copy-target clauses
 [2m[90mΓåô[39m[22m rules-engine/test/oracleIRParser.test.ts[2m > [22mOracle IR Parser[2m > [22mmerges retarget tails back onto parsed copy-spell steps after then-followups
 [2m[90mΓåô[39m[22m rules-engine/test/oracleIRParser.test.ts[2m > [22mOracle IR Parser[2m > [22mmerges retarget tails onto replicate multi-copy clauses
 [2m[90mΓåô[39m[22m rules-engine/test/oracleIRParser.test.ts[2m > [22mOracle IR Parser[2m > [22mparses Cascade keyword lines into a self-cast trigger with a spell-mana-value exile loop
 [2m[90mΓåô[39m[22m rules-engine/test/oracleIRParser.test.ts[2m > [22mOracle IR Parser[2m > [22mparses leading flip-a-coin steps before win branches
 [2m[90mΓåô[39m[22m rules-engine/test/oracleIRParser.test.ts[2m > [22mOracle IR Parser[2m > [22mparses lose-the-flip damage branches into executable conditional steps
 [2m[90mΓåô[39m[22m rules-engine/test/oracleIRParser.test.ts[2m > [22mOracle IR Parser[2m > [22mparses discard all the cards in your hand into a discard step
 [2m[90mΓåô[39m[22m rules-engine/test/oracleIRParser.test.ts[2m > [22mOracle IR Parser[2m > [22mprunes temporary additional-land unknown steps while keeping the rest of the spell text
 [2m[90mΓåô[39m[22m rules-engine/test/oracleIRParser.test.ts[2m > [22mOracle IR Parser[2m > [22mparses this creature gains shroud until end of turn into a temporary ability grant
 [2m[90mΓåô[39m[22m rules-engine/test/oracleIRParser.test.ts[2m > [22mOracle IR Parser[2m > [22mparses other creatures you control get +1/+1 as a static grant
 [2m[90mΓåô[39m[22m rules-engine/test/oracleIRParser.test.ts[2m > [22mOracle IR Parser[2m > [22mprunes players cannot gain life as an externally handled static ability
 [2m[90mΓåô[39m[22m rules-engine/test/oracleIRParser.test.ts[2m > [22mOracle IR Parser[2m > [22mprunes lands-you-control characteristic-defining static abilities handled by battlefield evaluation
 [2m[90mΓåô[39m[22m rules-engine/test/oracleIRParser.test.ts[2m > [22mOracle IR Parser[2m > [22mprunes additional-blocker static abilities handled by combat validation
 [2m[90mΓåô[39m[22m rules-engine/test/oracleIRParser.test.ts[2m > [22mOracle IR Parser[2m > [22mparses attached creature pump-plus-keyword lines as while-attached static grants
 [2m[90mΓåô[39m[22m rules-engine/test/oracleIRParser.test.ts[2m > [22mOracle IR Parser[2m > [22mprunes bare landwalk keyword lines from unknown IR steps
 [2m[90mΓåô[39m[22m rules-engine/test/oracleIRParser.test.ts[2m > [22mOracle IR Parser[2m > [22mprunes landwalk reminder text from unknown IR steps
 [2m[90mΓåô[39m[22m rules-engine/test/oracleIRParser.test.ts[2m > [22mOracle IR Parser[2m > [22mprunes comma-separated landwalk keyword bundles from unknown IR steps
 [2m[90mΓåô[39m[22m rules-engine/test/oracleIRParser.test.ts[2m > [22mOracle IR Parser[2m > [22mparses Living weapon keyword lines into a Germ token creation plus attach follow-up
 [2m[90mΓåô[39m[22m rules-engine/test/oracleIRParser.test.ts[2m > [22mOracle IR Parser[2m > [22mparses For Mirrodin! keyword lines into a Rebel token creation plus attach follow-up
 [2m[90mΓåô[39m[22m rules-engine/test/oracleIRParser.test.ts[2m > [22mOracle IR Parser[2m > [22mparses job select keyword lines into a Hero token creation plus attach follow-up
 [2m[90mΓåô[39m[22m rules-engine/test/oracleIRParser.test.ts[2m > [22mOracle IR Parser[2m > [22mparses optional attach follow-ups with pronoun targets
 [2m[90mΓåô[39m[22m rules-engine/test/oracleIRParser.test.ts[2m > [22mOracle IR Parser[2m > [22mparses Training keyword lines into an attacks trigger that adds a counter to this creature
 [2m[90mΓåô[39m[22m rules-engine/test/oracleIRParser.test.ts[2m > [22mOracle IR Parser[2m > [22mparses Evolve keyword lines into an ETB trigger gated on larger power or toughness
 [2m[90mΓåô[39m[22m rules-engine/test/oracleIRParser.test.ts[2m > [22mOracle IR Parser[2m > [22mparses Exploit keyword lines into a self-ETB trigger with an optional sacrifice step
 [2m[90mΓåô[39m[22m rules-engine/test/oracleIRParser.test.ts[2m > [22mOracle IR Parser[2m > [22mparses Undying keyword lines into a dies trigger gated on missing +1/+1 counters
 [2m[90mΓåô[39m[22m rules-engine/test/oracleIRParser.test.ts[2m > [22mOracle IR Parser[2m > [22mparses Persist keyword lines into a dies trigger gated on missing -1/-1 counters
 [2m[90mΓåô[39m[22m rules-engine/test/oracleIRParser.test.ts[2m > [22mOracle IR Parser[2m > [22mparses Exalted keyword lines into an attacks-alone trigger that buffs the attacker
 [2m[90mΓåô[39m[22m rules-engine/test/oracleIRParser.test.ts[2m > [22mOracle IR Parser[2m > [22mparses Mentor keyword lines into an attacks trigger that adds a counter to a smaller attacker
 [2m[90mΓåô[39m[22m rules-engine/test/oracleIRParser.test.ts[2m > [22mOracle IR Parser[2m > [22mparses Battle cry keyword lines into an attacks trigger that buffs other attackers
 [2m[90mΓåô[39m[22m rules-engine/test/oracleIRParser.test.ts[2m > [22mOracle IR Parser[2m > [22mparses Melee keyword lines into an attacks trigger that buffs itself by players attacked
 [2m[90mΓåô[39m[22m rules-engine/test/oracleIRParser.test.ts[2m > [22mOracle IR Parser[2m > [22mparses Dethrone keyword lines into an attacks trigger with an intervening life-lead check
 [2m[90mΓåô[39m[22m rules-engine/test/oracleIRParser.test.ts[2m > [22mOracle IR Parser[2m > [22mparses Prowess keyword lines into a noncreature-spell trigger that buffs itself
 [2m[90mΓåô[39m[22m rules-engine/test/oracleIRParser.test.ts[2m > [22mOracle IR Parser[2m > [22mparses Mobilize keyword lines into an attacks trigger that creates defending-player tokens
 [2m[90mΓåô[39m[22m rules-engine/test/oracleIRParser.test.ts[2m > [22mOracle IR Parser[2m > [22mpreserves Mobilize token count when parsing the expanded reminder text directly
 [2m[90mΓåô[39m[22m rules-engine/test/oracleIRParser.test.ts[2m > [22mOracle IR Parser[2m > [22mparses Morph keyword lines into a turn-face-up step
 [2m[90mΓåô[39m[22m rules-engine/test/oracleIRParser.test.ts[2m > [22mOracle IR Parser[2m > [22mparses Disguise keyword lines into a turn-face-up step
 [2m[90mΓåô[39m[22m rules-engine/test/oracleIRParser.test.ts[2m > [22mOracle IR Parser[2m > [22mprunes morph reminder-only pseudo-abilities from full reminder text
 [2m[90mΓåô[39m[22m rules-engine/test/oracleIRParser.test.ts[2m > [22mOracle IR Parser[2m > [22mprunes disguise reminder-only pseudo-abilities from full reminder text
 [2m[90mΓåô[39m[22m rules-engine/test/oracleIRParser.test.ts[2m > [22mOracle IR Parser[2m > [22mprunes foretell reminder-only pseudo-abilities from full reminder text
 [2m[90mΓåô[39m[22m rules-engine/test/oracleIRParser.test.ts[2m > [22mOracle IR Parser[2m > [22mnormalizes suspend reminder text into a structured keyword ability without raw reminder steps
 [2m[90mΓåô[39m[22m rules-engine/test/oracleIRParser.test.ts[2m > [22mOracle IR Parser[2m > [22mparses Megamorph keyword lines into a turn-face-up plus counter sequence
 [2m[90mΓåô[39m[22m rules-engine/test/oracleIRParser.test.ts[2m > [22mOracle IR Parser[2m > [22mparses full Snapcaster Mage text into a triggered graveyard permission ability
 [2m[90mΓåô[39m[22m rules-engine/test/oracleIRParser.test.ts[2m > [22mOracle IR Parser[2m > [22mparses Torrential Gearhulk into a graveyard permission plus free-cast and exile-replacement metadata
 [2m[90mΓåô[39m[22m rules-engine/test/oracleIRParser.test.ts[2m > [22mOracle IR Parser[2m > [22mparses Uro, Titan of Nature's Wrath into a sacrifice-unless-escaped conditional
 [2m[90mΓåô[39m[22m rules-engine/test/oracleIRParser.test.ts[2m > [22mOracle IR Parser[2m > [22mparses Woe Strider escape text into graveyard permission plus escape-entry counters
 [2m[90mΓåô[39m[22m rules-engine/test/oracleIRParser.test.ts[2m > [22mOracle IR Parser[2m > [22mparses Quilled Greatwurm-style graveyard counter-removal costs into remove-counter metadata
 [2m[90mΓåô[39m[22m rules-engine/test/oracleIRParser.test.ts[2m > [22mOracle IR Parser[2m > [22mparses Past in Flames into graveyard permissions plus mana-cost flashback metadata
 [2m[90mΓåô[39m[22m rules-engine/test/oracleIRParser.test.ts[2m > [22mOracle IR Parser[2m > [22mparses static keyword grants like Underworld Breach into graveyard-cast permission steps
 [2m[90mΓåô[39m[22m rules-engine/test/oracleIRParser.test.ts[2m > [22mOracle IR Parser[2m > [22mparses non-mana flashback keyword lines like Dread Return into graveyard-cast permission steps
 [2m[90mΓåô[39m[22m rules-engine/test/oracleIRParser.test.ts[2m > [22mOracle IR Parser[2m > [22mprunes flashback reminder duplicates from full Dread Return oracle text while keeping the sacrifice cost metadata
 [2m[90mΓåô[39m[22m rules-engine/test/oracleIRParser.test.ts[2m > [22mOracle IR Parser[2m > [22mparses turn-gated retrace grants like Six into conditional graveyard-cast permission steps
 [2m[90mΓåô[39m[22m rules-engine/test/oracleIRParser.test.ts[2m > [22mOracle IR Parser[2m > [22mparses Gravecrawler into a Zombie-gated graveyard permission wrapper
 [2m[90mΓåô[39m[22m rules-engine/test/oracleIRParser.test.ts[2m > [22mOracle IR Parser[2m > [22mparses Squee, the Immortal into both graveyard and exile permission steps
 [2m[90mΓåô[39m[22m rules-engine/test/oracleIRParser.test.ts[2m > [22mOracle IR Parser[2m > [22mparses Rebound reminder text into a self-exile free-cast permission
 [2m[90mΓåô[39m[22m rules-engine/test/oracleIRParser.test.ts[2m > [22mOracle IR Parser[2m > [22mparses the delayed Rebound cast-from-exile sentence into a self-exile free-cast permission
 [2m[90mΓåô[39m[22m rules-engine/test/oracleIRParser.test.ts[2m > [22mOracle IR Parser[2m > [22mparses Paradigm reminder text into a dedicated recurring copy-cast step
 [2m[90mΓåô[39m[22m rules-engine/test/oracleIRParser.test.ts[2m > [22mOracle IR Parser[2m > [22mparses Chainer, Nightmare Adept into a this-turn creature-graveyard permission
 [2m[90mΓåô[39m[22m rules-engine/test/oracleIRParser.test.ts[2m > [22mOracle IR Parser[2m > [22mparses The Indomitable into a tapped Pirates-or-Vehicles gated graveyard permission wrapper
 [2m[90mΓåô[39m[22m rules-engine/test/oracleIRParser.test.ts[2m > [22mOracle IR Parser[2m > [22mparses Lurrus of the Dream-Den into a turn-gated graveyard permission wrapper
 [2m[90mΓåô[39m[22m rules-engine/test/oracleIRParser.test.ts[2m > [22mOracle IR Parser[2m > [22mparses Exploration Broodship into a turn-gated graveyard permission wrapper despite the extra cost tail
 [2m[90mΓåô[39m[22m rules-engine/test/oracleIRParser.test.ts[2m > [22mOracle IR Parser[2m > [22mparses Rivaz of the Claw into a turn-gated Dragon graveyard permission wrapper
 [2m[90mΓåô[39m[22m rules-engine/test/oracleIRParser.test.ts[2m > [22mOracle IR Parser[2m > [22mparses Sevinne's Reclamation-style graveyard copy riders into a conditional copy_spell step
 [2m[90mΓåô[39m[22m rules-engine/test/oracleIRParser.test.ts[2m > [22mOracle IR Parser[2m > [22mparses Psychic Rebuttal spell-mastery copy riders into conditional copy_spell steps
 [2m[90mΓåô[39m[22m rules-engine/test/oracleIRParser.test.ts[2m > [22mOracle IR Parser[2m > [22mparses Ignite the Future graveyard rider into a conditional exile-permission modifier
 [2m[90mΓåô[39m[22m rules-engine/test/oracleIRParser.test.ts[2m > [22mOracle IR Parser[2m > [22mparses direct look-select-top self-mill selection into a deterministic library distribution step
 [2m[90mΓåô[39m[22m rules-engine/test/oracleIRParser.test.ts[2m > [22mOracle IR Parser[2m > [22mparses Harald look-and-choose clauses into a deterministic top-of-library selection step
 [2m[90mΓåô[39m[22m rules-engine/test/oracleIRParser.test.ts[2m > [22mOracle IR Parser[2m > [22mparses top-of-library exile selection plus bottom-random remainder into a deterministic step
 [2m[90mΓåô[39m[22m rules-engine/test/oracleIRParser.test.ts[2m > [22mOracle IR Parser[2m > [22mparses look-choose-from-top to hand with bottom-any-order tail
 [2m[90mΓåô[39m[22m rules-engine/test/oracleIRParser.test.ts[2m > [22mOracle IR Parser[2m > [22mmerges Owlbear Cub bottom-random tails into the preceding battlefield selection step
 [2m[90mΓåô[39m[22m rules-engine/test/oracleIRParser.test.ts[2m > [22mOracle IR Parser[2m > [22mmerges Keldon Flamesage bottom-random tails without swallowing the later free-cast followup
 [2m[90mΓåô[39m[22m rules-engine/test/oracleIRParser.test.ts[2m > [22mOracle IR Parser[2m > [22mmerges Jodah bottom-random tails into the impulse-exile clause
 [2m[90mΓåô[39m[22m rules-engine/test/oracleIRParser.test.ts[2m > [22mOracle IR Parser[2m > [22mmerges bottom-random tails when the look lead starts with Then
 [2m[90mΓåô[39m[22m rules-engine/test/oracleIRParser.test.ts[2m > [22mOracle IR Parser[2m > [22mmerges Sunbird's Invocation bottom-random tails into the cast-from-revealed clause
 [2m[90mΓåô[39m[22m rules-engine/test/oracleIRParser.test.ts[2m > [22mOracle IR Parser[2m > [22mmerges Forging the Anchor bottom-random tails into the reveal-and-take clause
 [2m[90mΓåô[39m[22m rules-engine/test/oracleIRParser.test.ts[2m > [22mOracle IR Parser[2m > [22mmerges bottom-random tails after parsed top-library exile choices that use one of those cards wording
 [2m[90mΓåô[39m[22m rules-engine/test/oracleIRParser.test.ts[2m > [22mOracle IR Parser[2m > [22mmerges bottom-random tails after impulse followups with intervening if-you-don't clauses
 [2m[90mΓåô[39m[22m rules-engine/test/oracleIRParser.test.ts[2m > [22mOracle IR Parser[2m > [22mmerges Garruk's Harbinger bottom-random tails after that-many top-library leads
 [2m[90mΓåô[39m[22m rules-engine/test/oracleIRParser.test.ts[2m > [22mOracle IR Parser[2m > [22mmerges Industrial Advancement bottom-random tails after If you do top-library leads
 [2m[90mΓåô[39m[22m rules-engine/test/oracleIRParser.test.ts[2m > [22mOracle IR Parser[2m > [22mmerges Key to the Vault bottom-random tails without swallowing the later free-cast followup
 [2m[90mΓåô[39m[22m rules-engine/test/oracleIRParser.test.ts[2m > [22mOracle IR Parser[2m > [22mmerges bottom-random tails after longer reveal and conditional top-library sequences
 [2m[90mΓåô[39m[22m rules-engine/test/oracleIRParser.test.ts[2m > [22mOracle IR Parser[2m > [22mparses Corpse Appraiser into a conditional look-select-top follow-up after the graveyard exile
 [2m[90mΓåô[39m[22m rules-engine/test/oracleIRParser.test.ts[2m > [22mOracle IR Parser[2m > [22mparses Rocket-Powered Goblin Glider into an attach step behind its graveyard provenance gate
 [2m[90mΓåô[39m[22m rules-engine/test/oracleIRParser.test.ts[2m > [22mOracle IR Parser[2m > [22mparses leave-battlefield exile riders into an explicit replacement-grant step
 [2m[90mΓåô[39m[22m rules-engine/test/oracleIRParser.test.ts[2m > [22mOracle IR Parser[2m > [22mparses random graveyard returns as move_zone selectors that preserve the at-random qualifier
 [2m[90mΓåô[39m[22m rules-engine/test/oracleIRParser.test.ts[2m > [22mOracle IR Parser[2m > [22mparses Moira and Teshar leave-battlefield exile riders into an explicit replacement-grant step
 [2m[90mΓåô[39m[22m rules-engine/test/oracleIRParser.test.ts[2m > [22mOracle IR Parser[2m > [22mparses Desdemona, Freedom's Edge as a targeted graveyard permission grant with qualifiers
 [2m[90mΓåô[39m[22m rules-engine/test/oracleIRParser.test.ts[2m > [22mOracle IR Parser[2m > [22mparses Gravecrawler into an as-long-as conditional graveyard permission step
 [2m[90mΓåô[39m[22m rules-engine/test/oracleIRParser.test.ts[2m > [22mOracle IR Parser[2m > [22mprunes timing-rules reminder tails once a permission step has been lowered
 [2m[90mΓåô[39m[22m rules-engine/test/oracleIRParser.test.ts[2m > [22mOracle IR Parser[2m > [22msplits Restless Cottage style create-token-plus-graveyard-exile clauses into ordered steps
 [2m[90mΓåô[39m[22m rules-engine/test/oracleIRParser.test.ts[2m > [22mOracle IR Parser[2m > [22mparses Diregraf Scavenger typed exiled-this-way follow-ups into conditional branches
 [2m[90mΓåô[39m[22m rules-engine/test/oracleIRParser.test.ts[2m > [22mOracle IR Parser[2m > [22mparses Corpse Appraiser exile gate into conditional draw-plus-mill follow-up
 [2m[90mΓåô[39m[22m rules-engine/test/oracleIRParser.test.ts[2m > [22mOracle IR Parser[2m > [22mparses Klothys land and otherwise branches with mana choice support
 [2m[90mΓåô[39m[22m rules-engine/test/oracleIRParser.test.ts[2m > [22mOracle IR Parser[2m > [22mparses Deathgorge Scavenger noncreature exile follow-up into a conditional self modify-pt branch
 [2m[90mΓåô[39m[22m rules-engine/test/oracleIRParser.test.ts[2m > [22mOracle IR Parser[2m > [22msplits graveyard exile plus immediate self counter clauses into ordered move-zone and add-counter steps
 [2m[90mΓåô[39m[22m rules-engine/test/oracleIRParser.test.ts[2m > [22mOracle IR Parser[2m > [22mparses Keen-Eyed Curator exile follow-up into a conditional add-counter branch
 [2m[90mΓåô[39m[22m rules-engine/test/oracleIRParser.test.ts[2m > [22mOracle IR Parser[2m > [22mparses Conversion Chamber follow-up charge counter clauses into add-counter steps
 [2m[90mΓåô[39m[22m rules-engine/test/oracleIRParser.test.ts[2m > [22mOracle IR Parser[2m > [22mparses Lara Croft exile plus discovery-counter follow-up into ordered steps
 [2m[90mΓåô[39m[22m rules-engine/test/oracleIRParser.test.ts[2m > [22mOracle IR Parser[2m > [22mparses Lazav, Wearer of Faces exile-then-investigate into ordered steps
 [2m[90mΓåô[39m[22m rules-engine/test/oracleIRParser.test.ts[2m > [22mOracle IR Parser[2m > [22mparses Mastermind Plum type-checked Treasure follow-up into a conditional branch
 [2m[90mΓåô[39m[22m rules-engine/test/oracleIRParser.test.ts[2m > [22mOracle IR Parser[2m > [22mparses Misfortune Teller multi-branch exiled-card type follow-ups
 [2m[90mΓåô[39m[22m rules-engine/test/oracleIRParser.test.ts[2m > [22mOracle IR Parser[2m > [22mparses Selesnya Eulogist exile-then-populate into ordered steps
 [2m[90mΓåô[39m[22m rules-engine/test/oracleIRParser.test.ts[2m > [22mOracle IR Parser[2m > [22mparses Selfless Exorcist exile plus moved-card power damage follow-up
 [2m[90mΓåô[39m[22m rules-engine/test/oracleIRParser.test.ts[2m > [22mOracle IR Parser[2m > [22mparses creature-source damage clauses with a structured source selector and power amount
 [2m[90mΓåô[39m[22m rules-engine/test/oracleIRParser.test.ts[2m > [22mOracle IR Parser[2m > [22mparses Morbid Bloom exile-then-token-count from exiled toughness
 [2m[90mΓåô[39m[22m rules-engine/test/oracleIRParser.test.ts[2m > [22mOracle IR Parser[2m > [22mparses Lara Croft, Tomb Raider exile plus discovery-counter follow-up into ordered steps
 [2m[90mΓåô[39m[22m rules-engine/test/oracleIRParser.test.ts[2m > [22mOracle IR Parser[2m > [22mparses The Animus graveyard target with a memory counter requirement
 [2m[90mΓåô[39m[22m rules-engine/test/oracleIRParser.test.ts[2m > [22mOracle IR Parser[2m > [22mparses Mirror Golem imprint text into a triggered exile step
 [2m[90mΓåô[39m[22m rules-engine/test/oracleIRParser.test.ts[2m > [22mOracle IR Parser[2m > [22mparses Mourner's Shield into an activated prevent-damage step
 [2m[90mΓåô[39m[22m rules-engine/test/oracleIRParser.test.ts[2m > [22mOracle IR Parser[2m > [22mparses next-damage shields for any target
 [2m[90mΓåô[39m[22m rules-engine/test/oracleIRParser.test.ts[2m > [22mOracle IR Parser[2m > [22mparses Psionic Ritual into exile plus copied-spell replay steps
 [2m[90mΓåô[39m[22m rules-engine/test/oracleIRParser.test.ts[2m > [22mOracle IR Parser[2m > [22mmerges trailing copy retarget text into graveyard copy-spell replay steps
 [2m[90mΓåô[39m[22m rules-engine/test/oracleIRParser.test.ts[2m > [22mOracle IR Parser[2m > [22mparses Copy that card plus free-cast followup into a last_moved_card copy_spell step
 [2m[90mΓåô[39m[22m rules-engine/test/oracleIRParser.test.ts[2m > [22mOracle IR Parser[2m > [22mparses create-a-copy wording plus free-cast followup into a last_moved_card copy_spell step
 [2m[90mΓåô[39m[22m rules-engine/test/oracleIRParser.test.ts[2m > [22mOracle IR Parser[2m > [22mparses linked-exile copy wording plus free-cast followup into a linked_exiled_cards copy_spell step
 [2m[90mΓåô[39m[22m rules-engine/test/oracleIRParser.test.ts[2m > [22mOracle IR Parser[2m > [22mparses linked exiled-card copy clauses with if-you-do free-cast tails
 [2m[90mΓåô[39m[22m rules-engine/test/oracleIRParser.test.ts[2m > [22mOracle IR Parser[2m > [22mparses conditional exile-copy-free-cast clauses into a copy_spell step
 [2m[90mΓåô[39m[22m rules-engine/test/oracleIRParser.test.ts[2m > [22mOracle IR Parser[2m > [22mparses random-exile copy-free-cast clauses into a copy_spell step
 [2m[90mΓåô[39m[22m rules-engine/test/oracleIRParser.test.ts[2m > [22mOracle IR Parser[2m > [22mparses Wizard's Spellbook into exile, roll_die, and die-roll result branches
 [2m[90mΓåô[39m[22m rules-engine/test/oracleIRParser.test.ts[2m > [22mOracle IR Parser[2m > [22mparses flattened inline Wizard's Spellbook text into exile, roll_die, and die-roll result branches
 [2m[90mΓåô[39m[22m rules-engine/test/oracleIRParser.test.ts[2m > [22mOracle IR Parser[2m > [22mparses The Many Deeds of Belzenlok into merged move-zone plus copied chapter abilities
 [2m[90mΓåô[39m[22m rules-engine/test/oracleIRParser.test.ts[2m > [22mOracle IR Parser[2m > [22mparses Ashcloud Phoenix into a face-down battlefield return step
 [2m[90mΓåô[39m[22m rules-engine/test/oracleIRParser.test.ts[2m > [22mOracle IR Parser[2m > [22mparses Missy into a tapped face-down battlefield return step
 [2m[90mΓåô[39m[22m rules-engine/test/oracleIRParser.test.ts[2m > [22mOracle IR Parser[2m > [22mparses Yarus into a conditional face-down return followed by a turn-face-up step
 [2m[90mΓåô[39m[22m rules-engine/test/oracleIRParser.test.ts[2m > [22mOracle IR Parser[2m > [22mparses Vincent's Limit Break as a tiered choose_mode with temporary dies and base P/T modes
 [2m[90mΓåô[39m[22m rules-engine/test/oracleIRParser.test.ts[2m > [22mOracle IR Parser[2m > [22mparses Grixis Sojourners as two triggered exile abilities plus cycling
 [2m[90mΓåô[39m[22m rules-engine/test/oracleIRParser.test.ts[2m > [22mOracle IR Parser[2m > [22mparses Equip as an attach activation instead of a dead keyword stub
 [2m[90mΓåô[39m[22m rules-engine/test/oracleIRParser.test.ts[2m > [22mOracle IR Parser[2m > [22mparses Outlast as an add-counter activation instead of a dead keyword stub
 [2m[90mΓåô[39m[22m rules-engine/test/oracleIRParser.test.ts[2m > [22mOracle IR Parser[2m > [22mparses Level up as an add-counter activation instead of a dead keyword stub
 [2m[90mΓåô[39m[22m rules-engine/test/oracleIRParser.test.ts[2m > [22mOracle IR Parser[2m > [22mparses Reinforce as an explicit discard activation instead of a dead keyword stub
 [2m[90mΓåô[39m[22m rules-engine/test/oracleIRParser.test.ts[2m > [22mOracle IR Parser[2m > [22mparses Scavenge as an exile-plus-counters activation instead of a dead keyword stub
 [2m[90mΓåô[39m[22m rules-engine/test/oracleIRParser.test.ts[2m > [22mOracle IR Parser[2m > [22mparses Embalm as an exile-plus-copy-token activation instead of a dead keyword stub
 [2m[90mΓåô[39m[22m rules-engine/test/oracleIRParser.test.ts[2m > [22mOracle IR Parser[2m > [22mparses Eternalize as an exile-plus-copy-token activation instead of a dead keyword stub
 [2m[90mΓåô[39m[22m rules-engine/test/oracleIRParser.test.ts[2m > [22mOracle IR Parser[2m > [22mparses Replicate as an explicit cast-copy keyword line instead of a dead keyword stub
 [2m[90mΓåô[39m[22m rules-engine/test/oracleIRParser.test.ts[2m > [22mOracle IR Parser[2m > [22mparses Fortify as an attach activation instead of a dead keyword stub
 [2m[90mΓåô[39m[22m rules-engine/test/oracleIRParser.test.ts[2m > [22mOracle IR Parser[2m > [22mparses Channel as a discard activation with executable effect text
 [2m[90mΓåô[39m[22m rules-engine/test/oracleIRParser.test.ts[2m > [22mOracle IR Parser[2m > [22mparses Exhaust as an executable mana ability instead of a dead keyword stub
 [2m[90mΓåô[39m[22m rules-engine/test/oracleIRParser.test.ts[2m > [22mOracle IR Parser[2m > [22mparses sticker placement into a put_sticker step
 [2m[90mΓåô[39m[22m rules-engine/test/oracleIRParser.test.ts[2m > [22mOracle IR Parser[2m > [22mparses named sticker placement into a put_sticker step
 [2m[90mΓåô[39m[22m rules-engine/test/oracleIRParser.test.ts[2m > [22mOracle IR Parser[2m > [22mparses Licid-style Aura transformation text into become_aura
 [2m[90mΓåô[39m[22m rules-engine/test/oracleIRParser.test.ts[2m > [22mOracle IR Parser[2m > [22mmerges restricted mana followup clauses into add_mana
 [2m[90mΓåô[39m[22m rules-engine/test/oracleIRParser.test.ts[2m > [22mOracle IR Parser[2m > [22mparses source-choice next-damage prevention shields
 [2m[90mΓåô[39m[22m rules-engine/test/oracleIRParser.test.ts[2m > [22mOracle IR Parser[2m > [22mparses sacrificed creature power as an object-stat damage amount
 [2m[90mΓåô[39m[22m rules-engine/test/oracleIRParser.test.ts[2m > [22mOracle IR Parser[2m > [22mparses assigns-no-combat-damage clauses
 [2m[90mΓåô[39m[22m rules-engine/test/oracleIRParser.test.ts[2m > [22mOracle IR Parser[2m > [22mparses choose-one-that-hasn't-been-chosen modal blocks
 [2m[90mΓåô[39m[22m rules-engine/test/oracleIRParser.test.ts[2m > [22mOracle IR Parser[2m > [22mparses ticket counter symbols into player counters

[2m Test Files [22m [1m[32m1 passed[39m[22m[90m (1)[39m
[2m      Tests [22m [1m[32m2 passed[39m[22m[2m | [22m[33m961 skipped[39m[90m (963)[39m
[2m   Start at [22m 04:47:13
[2m   Duration [22m 1.40s[2m (transform 813ms, setup 0ms, import 975ms, tests 283ms, environment 0ms)[22m

